
> animal-factory-tactics-3d@0.4.0 check
> node --check dist/tactics/visibility.js && node --check dist/tactics/blocks.js && node --check dist/tactics/design-store.js && node --check dist/tactics/environment.js && node --check dist/tactics/environment-renderer.js && node --check dist/tactics/sector-rules.js && node --check dist/tactics/view.js && node --check dist/tactics/map-validation-worker.js && node --check dist/tactics/maps.js && node --check dist/tactics/world.js && node --check dist/tactics/editor-model.js && node --check dist/tactics/editor.js && node --check dist/tactics/app.js && node --check dist/tactics/engine.js && node --check dist/app.js && node --check dist/engine.js && node --check dist/renderer.js && node --check dist/people.js && node --check dist/isometric.js && node --test tests/*.test.mjs && node tools/check-assets.mjs

✔ bodies cover every animal uniform with independent transparent PNGs (14.0703ms)
✔ body rendering preserves location and facing without drawing equipment (0.5063ms)
✔ 29572: closed connected surfaces, scale and species landmarks survive reduction (391.3444ms)
✔ 29572: normalized rig, fixed feet, independent rifle grips and neutral restoration (412.9741ms)
✔ 9998: closed connected surfaces, scale and species landmarks survive reduction (222.8657ms)
✔ 9998: normalized rig, fixed feet, independent rifle grips and neutral restoration (153.2828ms)
✔ 10k variant is reduced from the stored 30k author, preserving every garment and head component (0.4133ms)
✔ finished explosive and flamethrower sprites suppress temporary equipment overlays (3.0478ms)
✔ every equipped weapon has artwork for the full cast, with a common ground baseline (1.8288ms)
✔ stance artwork covers every loadout and stays grounded while changing silhouette (1.4405ms)
✔ 29988: closed connected surfaces, scale and species landmarks survive reduction (457.7475ms)
✔ 29988: normalized rig, fixed feet, independent rifle grips and neutral restoration (379.2857ms)
✔ 10184: closed connected surfaces, scale and species landmarks survive reduction (91.3364ms)
✔ 10184: normalized rig, fixed feet, independent rifle grips and neutral restoration (149.2381ms)
✔ 10k variant is reduced from the stored 30k author, preserving every garment and head component (0.3217ms)
✔ depots accept only rations at the marked input in every rotation and stockpile 32 (4.1945ms)
✔ workers prefer a reachable stocked depot and each consume exactly one reserved portion (7.2331ms)
✔ unreachable or empty depots preserve conveyor-end fallback (7.5492ms)
✔ deleting a targeted depot cancels the trip and undo restores its stock (5.1141ms)
✔ full depot backs up the return belt but never blocks bread deliveries (344.2393ms)
✔ starter food chains deliver to depots and workers eat outside their footprints (371.7659ms)
✔ 29850: closed connected surfaces, scale and species landmarks survive reduction (442.5439ms)
✔ 29850: normalized rig, fixed feet, independent rifle grips and neutral restoration (451.4218ms)
✔ 10446: closed connected surfaces, scale and species landmarks survive reduction (184.9855ms)
✔ 10446: normalized rig, fixed feet, independent rifle grips and neutral restoration (93.2372ms)
✔ 10k variant is reduced from the stored 30k author, preserving every garment and head component (0.8724ms)
✔ donkey 28898: closed connected surfaces and species landmarks (533.1364ms)
✔ donkey 28898: rig weights, stable feet and rifle contact (433.651ms)
✔ donkey 10110: closed connected surfaces and species landmarks (143.7127ms)
✔ donkey 10110: rig weights, stable feet and rifle contact (156.4512ms)
✔ donkey reduction preserves all author components (0.4561ms)
✔ neck separates jaw from scarf while preserving the skull size and paint registration (185.0759ms)
✔ connected wheat → flour → bread line delivers to farmhouse (64.5958ms)
✔ disconnected output backs up with bounded inventory (26.1967ms)
✔ only the marked input accepts the correct product and direction (0.3961ms)
✔ straight lines snap to dominant axis and reverse travel with drag (1.6931ms)
✔ 3 × 3 footprints and entire lines reject collisions atomically (0.4767ms)
✔ rotated buildings use corresponding side ports (3.1088ms)
✔ conveyors turn corners without destroying parcels (0.357ms)
✔ restoring an undo snapshot restores layout and inventory (23.6037ms)
✔ two incoming belts cannot duplicate or overwrite cargo at a merge (0.3981ms)
✔ fruit goes through pressing, fermentation and bottling before delivery (89.6703ms)
✔ grain, dairy and sugar branches converge into delivered cakes (175.3371ms)
✔ cake recipe waits for all three ingredients without consuming the others (6.6733ms)
✔ all three ingredient ports rotate and reject wrong goods (4.5808ms)
✔ one full ingredient buffer cannot occupy another ingredient buffer (0.4459ms)
✔ connecting an example does not overwrite a moved or rotated layout (0.7022ms)
✔ complete model catalog renders finite geometry without mutating collision or map data (60.5737ms)
✔ rectangular props rotate their complete model around the saved footprint and preserve upper elevation (1.1525ms)
✔ model primitives have finite triangle surfaces and unit extents, including a continuous roof slope (3.6732ms)
✔ all boundary and ground types retain support and windows retain their opening (1.3911ms)
✔ 29586: closed connected surfaces, scale and species landmarks survive reduction (655.0292ms)
✔ 29586: normalized rig, fixed feet, independent rifle grips and neutral restoration (434.982ms)
✔ 9994: closed connected surfaces, scale and species landmarks survive reduction (91.0099ms)
✔ 9994: normalized rig, fixed feet, independent rifle grips and neutral restoration (76.2856ms)
✔ 10k variant is reduced from the stored 30k author, preserving every garment and head component (0.3991ms)
✔ 29952: closed connected bird and garment surfaces within budget (294.7548ms)
✔ 29952: wing articulation preserves feet, body and neutral restoration (100.1314ms)
✔ 10348: closed connected bird and garment surfaces within budget (36.194ms)
✔ 10348: wing articulation preserves feet, body and neutral restoration (19.7229ms)
✔ hen reduction derives from author and retains all species components (0.2999ms)
✔ hen four-view paint frame contains wings, comb, toes and tail (56.0187ms)
✔ grey sculpt has connected closed surfaces, finite normals and grounded prototype height (23992.9299ms)
✔ horse-light-data.json: closed and connected within triangle budget (56.3218ms)
✔ horse-light-data.json: weighted neutral mesh reproduces the stored form and every skin weight is valid (492.3961ms)
✔ horse-light-data.json: carry deforms actual arms, keeps feet planted and puts hand geometry around independent rifle grips (410.5886ms)
✔ horse-10k-data.json: closed and connected within triangle budget (18.5633ms)
✔ horse-10k-data.json: weighted neutral mesh reproduces the stored form and every skin weight is valid (84.1743ms)
✔ horse-10k-data.json: carry deforms actual arms, keeps feet planted and puts hand geometry around independent rifle grips (85.4343ms)
✔ paint projection matches actual reference cameras at every cardinal view (3.1183ms)
✔ paint validity removes connected neutral background, preserving enclosed grey paint (1.8559ms)
✔ catalog silhouettes are finite, distinguish open containers and retain structure openings (964.6436ms)
✔ campaign travel and return retain hybrid geometry and persistent squad state (8591.4948ms)
✔ real engine movement opens shared geometry; rendered observer cannot change replay (1081.9661ms)
✔ standing, kneeling and facing-aware prone volumes participate in nearest friendly fire (101.5227ms)
✔ window geometry deliberately differs from legacy and sight uses actual aimed regions (68.724ms)
✔ upper floors, stair holes, door updates and destruction invalidate the shared world (379.8264ms)
✔ grenades retain a swept parabola, roofs intercept arcs, and scatter stays seeded (80.0662ms)
✔ roof underside blast leaves the impact face and still shields actors above it (158.617ms)
✔ requested aim cannot override a nearer physical region and pellets aim at prone head XY (111.8994ms)
✔ nearest-direction bound covers angular midpoints and has the corrected denominator (37.8722ms)
✔ sector selection rejects unsupported headings and chooses both sides of each boundary (0.5539ms)
✔ candidate cards preserve all pixel distances and fixed guide anchors without muzzle fitting (1.8808ms)
✔ manual landmark uncertainty prevents false passes and all measured tips remain in their crop (1.6466ms)
✔ door and window openings pass rays while solid wall and sill block them (1.545ms)
✔ vertical rays hit the optional roof and intersection chooses the nearest surface (0.3054ms)
✔ actual low-poly barrel cap and axis follow physical muzzle through continuous headings and floors (138.1156ms)
✔ pose rig preserves limb lengths and actual gloves intersect the rifle contact volumes (15.6343ms)
✔ relaxed carry lowers elbows while retaining hand contact and upright bounds (44.6898ms)
✔ animated poses retain limb lengths, ground clearance and planted walking contacts (659.2818ms)
✔ discharge uses physical muzzle before recoil and timestamp evaluation is repeatable (71.9986ms)
✔ brick density follows world distances across tall, short and neighboring faces (58.9122ms)
✔ painted room material keeps four brick widths and ten courses per repeat (0.3ms)
✔ shared slab sides are culled while perimeter and stair-hole edges remain (1.3623ms)
✔ rigid art preview preserves distances and ground anchor without heading-dependent deformation (1.6264ms)
✔ opaque sprite bounds calibrate all stances and prone long axis follows eight headings (188.8173ms)
✔ measured painted muzzle maps to actual firing origin across all calibration poses (127.6767ms)
✔ canonical fixture validates and round-trips unknown metadata without mutation (139.4514ms)
✔ prototype dimensions, upper floor and 2:1 diamond use one axis conversion (3.5749ms)
✔ door transaction, window boundaries, lintel and roof hit actual shared surfaces (88.4317ms)
✔ unsupported content has explicit diagnostics and stair opening is preserved (57.2744ms)
✔ negative boundary edges and diagonal chunk traversal agree with brute force (75.4217ms)
✔ upper floor and rotated cover use map coordinates; IDs independent of prop order (30.1405ms)
✔ loot artwork follows remaining inventory and never leaves ghost guns after pickup (18.9885ms)
✔ dead firearm users show their equipped gun and only nonempty matching ammo (0.6112ms)
✔ fallen guards remain drawable after refresh removes live detection, respecting floor and exploration (212.8385ms)
✔ drop rendering skips pending images and scales the ground layout with camera zoom (0.4055ms)
✔ all 48 cargo combinations fit their declared tile footprint and stay grounded (673.2332ms)
✔ horizontal drum piles have two aligned supporting drums; vertical stacks have full supporting lids (9.2472ms)
✔ switching forms reuses library resources and rejects mismatched skins (372.6067ms)
✔ softened parts retain finite surfaces and intended depth at small and structural sizes (18.3547ms)
✔ painted doorway retains a clear one-tile opening and horse asset is not part of scenery (153.5457ms)
✔ 29996: closed connected surfaces, scale and species landmarks survive reduction (639.6605ms)
✔ 29996: normalized rig, fixed feet, independent rifle grips and neutral restoration (445.7174ms)
✔ 9998: closed connected surfaces, scale and species landmarks survive reduction (91.9841ms)
✔ 9998: normalized rig, fixed feet, independent rifle grips and neutral restoration (138.976ms)
✔ 10k variant is reduced from the stored 30k author, preserving every garment and head component (0.2523ms)
✔ paint frame matches its four cameras and contains ears, belly and body (91.2851ms)
✔ 29978: closed connected surfaces, scale and species landmarks survive reduction (433.6392ms)
✔ 29978: normalized rig, fixed feet, independent rifle grips and neutral restoration (338.6386ms)
✔ 9988: closed connected surfaces, scale and species landmarks survive reduction (181.1268ms)
✔ 9988: normalized rig, fixed feet, independent rifle grips and neutral restoration (75.3643ms)
✔ 10k variant is reduced from the stored 30k author, preserving every garment and head component (0.4366ms)
✔ paint frame matches its four cameras and contains cap, ears and body (50.9526ms)
✔ foreman author: corrected body preserves head, registered paint and unit normals (254.538ms)
✔ foreman 10k: corrected body preserves head, registered paint and unit normals (75.4353ms)
✔ director author: corrected body preserves head, registered paint and unit normals (425.0184ms)
✔ director 10k: corrected body preserves head, registered paint and unit normals (129.1389ms)
✔ 29972: closed connected surfaces, scale and species landmarks survive reduction (544.4812ms)
✔ 29972: normalized rig, fixed feet, independent rifle grips and neutral restoration (488.3401ms)
✔ 10156: closed connected surfaces, scale and species landmarks survive reduction (96.6314ms)
✔ 10156: normalized rig, fixed feet, independent rifle grips and neutral restoration (88.5174ms)
✔ 10k variant is reduced from the stored 30k author, preserving every garment and head component (0.2902ms)
✔ Red Hats have every armed stance with valid transparent frames and a shared baseline (2307.2089ms)
✔ all compatible bank edges match RGBA, including unconnected land edges (12.9478ms)
✔ banks remain land at closed edges, transparent at connected openings (1.3875ms)
✔ river banks retain open centers in isolated pools and open water under bridges (1.9338ms)
✔ adjacent water quadrants agree on shared edge corners across surrounding terrain (8.6882ms)
✔ 30756: closed connected surfaces, scale and species landmarks survive reduction (578.6809ms)
✔ 30756: normalized rig, fixed feet, independent rifle grips and neutral restoration (322.8754ms)
✔ 10476: closed connected surfaces, scale and species landmarks survive reduction (110.8021ms)
✔ 10476: normalized rig, fixed feet, independent rifle grips and neutral restoration (70.2204ms)
✔ 10k variant is reduced from the stored 30k author, preserving every garment and head component (0.4331ms)
✔ scarf ends have outward-facing volume and clear the actual shirt and vest in both meshes (216.1246ms)
✔ all compatible corner tile boundaries match across every variant (73.4128ms)
✔ variants change interiors while preserving midpoint crossings (0.9203ms)
✔ skunk has all 30 outfit, weapon and stance combinations (1601.0256ms)
✔ skunk guards survive map validation and game creation with every weapon (55.1153ms)
✔ 29934: closed connected surfaces, scale and species landmarks survive reduction (574.5079ms)
✔ 29934: normalized rig, fixed feet, independent rifle grips and neutral restoration (451.1513ms)
✔ 9998: closed connected surfaces, scale and species landmarks survive reduction (99.8941ms)
✔ 9998: normalized rig, fixed feet, independent rifle grips and neutral restoration (155.3484ms)
✔ 10k variant is reduced from the stored 30k author, preserving every garment and head component (0.342ms)
✔ wide paint frame matches its four cameras and contains the complete tail and body (36.5832ms)
✔ a pistol shot alerts guards within twenty-four tiles and only makes those beyond suspicious (424.8451ms)
✔ a rifle shot carries forty-eight tiles (367.0448ms)
✔ a guard firing alerts its colleagues too, and an already alert guard keeps its own fix (305.7187ms)
✔ melee makes no report (261.0835ms)
✔ block JSON roundtrip preserves all three levels and terrain geometry without squad markers (80.5477ms)
✔ place block into sector10,10 transforms edges and climbs and is undoable (862.7075ms)
✔ block placement rejects obstructed squad starts atomically (46.191ms)
✔ sector capture rejects crossing props and roof links (3.1869ms)
✔ block import rejects malformed bounds and unknown content (29.3583ms)
✔ replacing a sector removes old content on all levels but keeps neighboring designs (140.6438ms)
✔ block import rejects falsy floor values and aliased edges (2.3311ms)
✔ defeat captures stabilized mercs and kills every bleeding merc immediately (276.154ms)
✔ captured mercs are not corpses or XP recipients and never auto-revive (164.8125ms)
✔ shared clock advances from real elapsed time, pauses without catch-up, and rolls over days (179.9316ms)
✔ production is independent of frame size and begins only after liberation (756.9706ms)
✔ rest advances the same clock, heals living troops to their cap, refills AP and produces income (194.1837ms)
✔ training grants existing progression rewards without healing or training captured troops (182.6985ms)
✔ unsafe, queued and invalid downtime takes no time or money and grants no rewards (320.9673ms)
✔ travel advances the campaign clock exactly one hour and keeps training results (1502.7477ms)
✔ all five connection types preserve metadata through block and map JSON (624.7766ms)
✔ one element per direction rejects multiple roads and compound features (12.0485ms)
✔ adjacent roads match exact widths and reject atomically; later painting invalidates rules (75.0761ms)
✔ cliffs match height and side and fences match materials (141.5109ms)
✔ seeded generation produces 100 matched road blocks with valid starts and deterministic output (399.5022ms)
✔ unsatisfiable and overpopulated libraries fail without touching source blocks (41.456ms)
✔ user checkpoint matches the four intended directions (13.8519ms)
✔ road and river openings reject barriers at the seam (6.6188ms)
✔ flat elevation and explicit seam conflicts cannot silently match (233.2101ms)
✔ movement cost reflects free exploration, combat budget and unavailable routes (248.4501ms)
✔ attack labels retain weapon cost when ammunition or AP prevents shooting (219.7416ms)
✔ ground, friendly selection and detected enemy targeting match their cursors (195.4431ms)
✔ bolt cutter action requires held cutters, reachable known wire fence, and enough AP (318.3428ms)
✔ fence picking uses its raised visible face, selected floor and adjacent edge (144.1054ms)
✔ hand interactions respect loot visibility, adjacency and blocking edges (193.9379ms)
✔ all four diagonals use3/6/12AP for standing kneeling prone (2647.5151ms)
✔ every corner edge and either obstructed flank blocks a diagonal in both directions (4.5299ms)
✔ living flank occupants block diagonals and queued movement rechecks late blockers (160.8135ms)
✔ diagonal upper movement needs support in both flank tiles and destination (0.8887ms)
✔ mixed cardinal and diagonal path uses optimal octile distance (114.921ms)
✔ melee guard can strike from diagonal adjacency (176.8839ms)
✔ Easy automatic stabilization waits for encounter clear and restores 5 HP (256.8768ms)
✔ Standard grants six squad turns and whole-squad incapacitation still loses on Easy (484.9811ms)
✔ difficulty follows the campaign to new local maps (391.0166ms)
✔ factory income depends on shortest route from fixed start; yards and unreachable factories earn nothing (318.4112ms)
✔ successful travel advances an hour of factory production; rejected travel takes no time (2430.2884ms)
✔ rectangles include both corners, reverse, shrink and clamp to workspace (2.3555ms)
✔ wall lines lock starting axis and preserve outer boundary and elevation (0.6034ms)
✔ roof rectangle and wall line each form one reversible saved-map change (118.1645ms)
✔ a multi-tile paint stroke undoes and redoes as one operation (36.2769ms)
✔ walls and doors replace shared edges without changing terrain; erasure undoes (157.5838ms)
✔ starts and travel marker are protected from crates and overlapping actors (11.9329ms)
✔ guards cap at 46; editing and deleting a guard preserves valid schema (908.113ms)
✔ room footprints fit bounds, can rotate, and create open door edges (7.534ms)
✔ replace/import is undoable, malformed import cannot alter the working map (73.0449ms)
✔ disconnected drafts roundtrip for repair but cannot become playable definitions (131.7424ms)
✔ upper roofs create support and erased tiles and legacy crates can be restored with undo (54.3522ms)
✔ prop placement checks whole footprint and cached lookups follow placement/erase/undo (110.5263ms)
✔ rotated props fit 1x2 and reject walls, unsupported floors and protected starts (52.0528ms)
✔ all new brush data survives a portable JSON roundtrip (136.3798ms)
✔ later wall edits cannot bisect a two-cell prop (58.9537ms)
✔ clear landscape reaches75 while character detection stops at60, with current terrain caches (690.4581ms)
✔ unknown obstacle variants produce identical initial routes and reveal no endpoint validity (841.5722ms)
✔ navigation reaches unknown destination and reroutes around newly revealed obstacles (10474.8472ms)
✔ newly revealed blocked destination stops without claiming arrival (620.4514ms)
✔ spotting a distant guard stops movement without automatically alerting him (1032.2842ms)
✔ long combat orders move only affordable steps and never resume next turn (761.9575ms)
✔ terrain caches invalidate on walls and agree with exact LOS through window openings (626.0214ms)
✔ rockets collide with the first wall or body; grenades arc over a low wall (266.6949ms)
✔ arcs hit ceilings and solid upper floors instead of teleporting through them (195.6866ms)
✔ blasts breach wall edges and props, invalidate prop caches, and open navigation (177.7615ms)
✔ blast damage falls with 3D distance and intact floors shield other levels (185.2025ms)
✔ beyond effective range has severe scatter, elevation extends launcher reach, and throws are bounded (239.6127ms)
✔ terrain firing consumes AP and ammunition once, causes strain, and awards kill relief (229.1883ms)
✔ blast friendly fire damages survivors and records their reaction, without body-zone bonuses (282.4746ms)
✔ a grenade aimed over a missing upper floor falls until it hits physical ground (214.4219ms)
✔ surviving walls block blast damage and near misses do not erase distant scenery (127.4743ms)
✔ self damage is possible, and invalid terrain shots never spend resources (173.0725ms)
✔ feature lines run the whole grid and crossings require exact ports (2.3173ms)
✔ planned map fills the road/fence crossing, keeps all offsets and roundtrips (892.2828ms)
✔ missing crossing reports exact sector and cannot mutate the plan or library (96.2226ms)
✔ seeded lines deterministic and malformed plans rejected (147.6944ms)
✔ a straight fence cannot drift between its north and south edges (71.5075ms)
✔ the nozzle table covers every flamethrower sprite and matches a fresh measurement of the PNGs (395.4245ms)
✔ nozzle measurement finds the muzzle face and barrel axis, ignoring a flared tip (1.7207ms)
✔ nozzle offsets repeat the renderer sprite placement for both facings and the vector overlay (1.5127ms)
✔ attack effects play back to back, flame bursts take their own time, and bullets keep the old rule (1.2142ms)
✔ a burst draws finite, outlined, single-winding shapes for every outcome, facing and moment (10699.9115ms)
✔ bursts are deterministic for a seed and differ between seeds (76.9527ms)
✔ pose helpers stay still outside their windows and a burned body is held until the flame lands (0.7745ms)
✔ a miss lands on the floor beside the target, short of it, on a side chosen by the seed (0.3442ms)
✔ tank detonation thresholds are per successful hit: torso 25%, weapon 90% (1824.2177ms)
✔ misses, head/leg hits, empty tanks and absent tanks never detonate (928.4763ms)
✔ explosion kills wearer and adjacent allies permanently, ignites through radius five, and respects floors (430.3721ms)
✔ burning units cannot act, flee on three turns, then recover even after combat ends (653.857ms)
✔ short-range flame hits are lethal for either team and survivors panic (1389.1411ms)
✔ flamethrower supports inventory size, fuel reload and editor roundtrip (302.5563ms)
✔ fire keeps turn mode alive after the final guard dies and expires after three rounds (468.3712ms)
✔ walking into fire cancels the route and ignition during an enemy turn still lasts three panic turns (858.9061ms)
✔ attack events name the shooter and target and list every unit the shot put down (1305.8227ms)
✔ rifles need adjoining cells in one row, and items can be manually positioned (279.0612ms)
✔ two large weapons fit ready slots and swap free even with zero AP (301.7914ms)
✔ fragmented space rejects a rifle without mutations; existing ammo stack fits full bag (244.134ms)
✔ four characters advance in a single tick and retain offsets at destination (2063.4649ms)
✔ group stop cancels every route and combat spends each members movement AP (1075.044ms)
✔ blocked formation slots use distinct nearby destinations without overlaps (1691.5963ms)
✔ aimed torso retains existing shot while head trades accuracy for damage (212.722ms)
✔ one-tile formation movement uses teammates vacated cells (613.738ms)
✔ prone observer cannot see over nearby low cover; standing restores detection and terrain immediately (539.5939ms)
✔ window sill hides legs while head and torso remain exposed; hidden aim never spends resources (327.9139ms)
✔ stance changes alter the target body heights; prone targets disappear behind a sill (248.7643ms)
✔ shared sight does not unlock a body part hidden from the selected shooter (348.165ms)
✔ solid floors block vertical sight for all stances and targeted zones (186.3532ms)
✔ enemy chooses an exposed head rather than firing at a hidden torso (282.6594ms)
✔ destroying low cover invalidates fog and exposes a target to a prone observer (390.1991ms)
✔ cutters must occupy held slot 0 to open adjacent wire fence (500.8499ms)
✔ cutters must occupy held slot 1 to open adjacent wire fence (256.1863ms)
✔ combat equip costs 3 AP, cutting costs 4 AP, and replacing cutters returns them to the bag (300.8163ms)
✔ equipping and stowing cutters reject full backpack without losing equipment (151.1176ms)
✔ equipped swaps are free at zero AP; unavailable weapons cannot be conjured (168.4217ms)
✔ partial reload consumes finite compatible rounds and cannot create ammunition (229.0555ms)
✔ drop, pickup and teammate transfer preserve loaded weapon and reject duplicate or full grid atomically (172.9577ms)
✔ active layers retain full contrast and other layers fade with distance (2.5636ms)
✔ compositor isolates sprite alpha, clears each layer and uses backing resolution (0.7303ms)
✔ walls live on shared edges, never occupy either neighboring tile (267.1331ms)
✔ door edges permit passage and sight in both directions (219.111ms)
✔ diagonal sight cannot leak through a wall endpoint and is reciprocal (150.8829ms)
✔ movement rechecks barriers instead of trusting queued path (495.6769ms)
✔ map schema rejects malformed maps and unreachable starts, roundtrips good data (118.4525ms)
✔ generated layouts are deterministic, connected and have four starts / 46 guards (14887.0246ms)
✔ wall picking selects the same shared barrier from either tile (0.8712ms)
✔ lethal guard damage incapacitates squad for six treatment turns (194.4905ms)
✔ bleeding lasts five ends and expires on the sixth, even after last guard dies (196.5573ms)
✔ medical skill changes AP cost and stabilization consumes one medkit exactly once (272.3755ms)
✔ treatment rejects walls, other levels, range and insufficient AP without consuming supplies (30.2186ms)
✔ cutters make one adjacent chainlink edge passable, charge once, and reject railings (190.4199ms)
✔ walkable bush and parapet cover protects occupants while reeds and metal roofs do not (209.7422ms)
✔ roof modules remain walkable on upper floors and reject walls through any interior edge (785.0464ms)
✔ builder guard outfits survive export and use armed and prone Red Hats art in game (165.0602ms)
✔ every new prop can be placed, exported, reloaded and used by game collision in both orientations (157.0585ms)
✔ jail barriers block movement but allow sight, and cut fence allows crossing (0.8202ms)
✔ a shorter reservation holds ammunition until enemy enters its radius (424.3357ms)
✔ invalid ranges spend no AP; weapon changes clamp saved distance (308.1039ms)
✔ overlay shades walls darker, opens door lanes, respects facing and distance (256.0385ms)
✔ the tactics Pages build lists every local module and page its listed files reference (193.5019ms)
✔ cone boundaries wrap and do not reveal rear targets (1.3841ms)
✔ turning invalidates terrain visibility, preserves memory, without spending AP (433.1623ms)
✔ shared sight cannot fire outside personal cone or through a wall (343.9058ms)
✔ incoming shot gives a rear-facing guard a response (306.6273ms)
✔ mercs have separate authored voices, relationships and persistent personal memories (259.1365ms)
✔ landed replies form a finite chain, spend loaded rounds and no AP, and do not reload (365.9535ms)
✔ an unarmed or empty recipient quips and cannot get a free weapon switch (570.2487ms)
✔ retaliation interrupts a burst and stops its remaining rounds if the shooter falls (165.0063ms)
✔ incapacitated recipients cannot reply (196.7781ms)
✔ burning recipients cannot retaliate and missed replies do not cause another reaction (598.9416ms)
✔ history and distrust increase retaliation; medical help rebuilds trust; rest preserves grudges (154.3703ms)
✔ shared XP grants three points every100XP; training atomically spends and never refills health/AP (318.3966ms)
✔ species traits remain separate and derived stats are idempotent (195.4139ms)
✔ one guard death awards XP once and friendly attacks cannot farm it (308.3421ms)
✔ skill caps, medical cap and campaign transfer preserve progression (435.8506ms)
✔ accurate shots strike the nearest unit regardless of team, including allies beside the muzzle (5.6252ms)
✔ missed rounds can hit a diagonally adjacent ally and never hit a unit behind the shooter (0.8348ms)
✔ a near miss continues past the intended target and can hit someone behind it (2.0443ms)
✔ walls and exact corner joins stop rays before units; open doors and chainlink pass rounds (1.2471ms)
✔ low cover, window frames, stance height and upper floors participate in actual collision (2.854ms)
✔ bullets stop at ground and map bounds without leaving the playable map (0.7504ms)
✔ a real burst charges once, traces each round, damages the blocking ally and preserves target health (374.5369ms)
✔ incidental torso hits can detonate a friendly flamethrower and cancel remaining burst shots (282.6427ms)
✔ scatter is reproducible and enemies can hit other guards (914.5443ms)
✔ every agreed range is executable at its boundary and rejected just past it (2878.7685ms)
✔ range-normalized accuracy preserves long-range rifles and weak pistols (1004.2003ms)
✔ flame damage falls with distance while close hits remain lethal (255.0291ms)
✔ one shotgun shell produces six collision paths but charges AP and ammunition once (274.878ms)
✔ shotgun concentration falls at range, with missed pellets colliding with nearby allies (14381.3716ms)
✔ sniper guards can pay for an eight-AP shot and new loadouts survive editor parsing (73.8831ms)
✔ automatic weapons fire physical three-round bursts and reject insufficient ammunition (214.008ms)
✔ SMG rounds and buckshot pellets share pistol damage and penetration class (116.9487ms)
✔ new automatic weapons survive editor serialization and have Factory supplies (258.8204ms)
✔ overwatch reserves AP once and fires only one round without double charge (457.6004ms)
✔ free weapon swap or turn cancels reserved reaction without refund (404.5594ms)
✔ overwatch respects cone, walls and empty ammunition (311.4446ms)
✔ stealth lowers detection distance and adds movement AP (296.1361ms)
✔ unseen noise is approximate and investigation never reveals a target through walls (480.308ms)
✔ formation orders cancel reservations and group footsteps create noise (356.6383ms)
✔ ordinary rest heals gradually over two days, independent of rest chunk size (746.5192ms)
✔ selected trained medic and one kit per wounded troop restore health in one day (215.5814ms)
✔ short courses heal gradually and continue without consuming another medkit (242.5396ms)
✔ ordinary rest continues an existing medical course (150.8304ms)
✔ medical care rejects untrained, unavailable medics and insufficient kits atomically (582.084ms)
✔ healthy, dead and captured troops consume no medical supplies and cannot be revived (210.6501ms)
✔ the overmap is a grid: links derive from tile positions and the far side of each edge is known (337.3113ms)
✔ leaving needs the ground-level border band on a side with a map beyond it, and one step of AP in combat (1603.6001ms)
✔ one crosser leaves the fight: off the map for guards and tiles, AP spent, comrades stay in combat (700.093ms)
✔ the last standing member crossing moves the squad: crossers land on the far border at their row, the clock advances an hour (792.7572ms)
✔ downed comrades left behind meet the defeat rule: stabilized are captured, bleeding die (1380.2166ms)
✔ a fight lost after a comrade crossed is not a wipe: the crosser arrives, the fallen are recorded, the run continues (1091.4615ms)
✔ crossers commit the squad to one destination; the travel marker follows them and merges arrivals (816.7264ms)
✔ crossing into a generated map with water or void on its edge still lands on walkable ground near the entry row (1433.883ms)
✔ a crosser has no body: a guard firing along the row it left hits the comrade behind it, never the crosser (725.7997ms)
✔ a crosser has no body for a blast either (537.6818ms)
✔ a waiting crosser can come back across the edge onto the tile it left, for a step of AP in combat, unless it is blocked (731.1429ms)
✔ rest and training wait for the squad to regroup (310.6171ms)
✔ crossing mid-turn does not refill the turn: a squad that crossed with 10 AP into a live contact keeps 10, and crossing clears overwatch (738.8087ms)
✔ a map left mid-fight is re-entered as a fresh contact, not a frozen turn: guards stay alert, the round advances, AP is full (728.4067ms)
✔ a map lost after a crossing can be re-entered: the fallen stay fallen, the record moves to the world, the survivor can act (561.5101ms)
✔ a retreat from the yard westward resolves to the factory, not to a hard-coded neighbour (500.3325ms)
✔ a comrade waiting beyond the edge gets the new round like everyone else, so a return is charged from a fresh turn (462.7332ms)
✔ a return is a step: it walks into a fire on the tile and makes a footstep (234.2445ms)
✔ abandoned comrades are written to the run record once, and a second loss on the same map lists only what it cost (563.4962ms)
✔ marked roof climbs traverse exactly one adjacent level for6AP in either direction (635.7963ms)
✔ roof geometry rejects missing support, blocked upper edge, blocked headroom and multi-level records (113.9073ms)
✔ roof editor creation, endpoint protection, roundtrip and erase undo remain consistent (129.6658ms)
✔ queued climb stops if its upper edge is blocked before execution (3363.4225ms)
✔ two-level uphill range costs2tiles, downhill has no vertical distance tax, melee unchanged (168.5963ms)
✔ guard roof approach cost includes standing movement (2999.6534ms)
✔ enemy AI spends6AP to climb toward a remembered rooftop target (179.6291ms)
✔ ladders cost3AP, stairs2AP and old connections remain stairs (327.6939ms)
✔ fences block crossing but not sight or cover, walls block both (196.3852ms)
✔ two-tile props occupy both cells, tall crates occlude and pallets stay walkable (271.9821ms)
✔ uphill adds range distance while downhill retains normal reach and solid floors (174.9064ms)
✔ seeded river sectors match sockets and make exactly two bridges in either orientation (12543.911ms)
✔ river rules reject a missing bridge deck, blocked road or incompatible sector (24.6141ms)
✔ queued vertical movement uses the current ladder AP cost (259.0967ms)
✔ downhill spotting uses the same60tile character cap (81.2055ms)
✔ bridge-sector approach cells must stay walkable, not only the water crossing (27.6985ms)
✔ 240-square maps support 50 actors and reject actor 51 (1798.8898ms)
✔ stairs link three floors, cost 2 AP, and level occupancy is independent (1298.0351ms)
✔ queued stair movement rechecks removed connections (3331.3463ms)
✔ solid floors stop vertical fire; stair openings allow it without imaginary cover (123.4399ms)
✔ sight can pass a platform edge in both directions (138.7391ms)
✔ upper-floor brushes and stairs undo together without touching ground (28.5305ms)
✔ version-one 28x24 drafts retain all contents in the expanded ground floor (23.4203ms)
✔ a dead distant arrival start does not reveal terrain or alert guards (819.6382ms)
✔ travel gathers characters on the marker floor, not just matching XY (116.5609ms)
✔ large-map routes stay legal and a full 50-character enemy phase terminates (5173.656ms)
✔ every roster species has a sight entry with bino <= field <= 360 and a usable fall-off (2.4005ms)
✔ identification range is non-increasing in bearing, full inside the binocular core and zero beyond the field (7.5377ms)
✔ identification never exceeds detection at any bearing, and detection saturates inside the field (11.9041ms)
✔ a wider field with the same other parameters sees a superset of bearings (0.767ms)
✔ a flat cone without a species keeps the old rule: full range inside, nothing outside (0.4712ms)
✔ a still guard in the periphery beyond the identify lobe is unseen; a moving one is glimpsed, not identified (698.3303ms)
✔ a guard that glimpses a moving worker gains approximate suspicion, not alert; identification alerts it (736.252ms)
✔ neither a glimpse nor identification passes a wall (473.1416ms)
✔ terrain reveal follows the species field, not a flat 120 degree cone (322.4886ms)
✔ a firing unit counts as moving for the next refresh (335.2943ms)
✔ an attack from the blind notch spins the victim toward the attacker, so it can answer (378.2189ms)
✔ scavenging seeks known compatible ammo instead of abandoning the rifle (743.2968ms)
✔ loaded HMG is collected, equipped, and paid for with normal inventory AP (440.725ms)
✔ empty duplicate can be exchanged for a loaded drop without creating ammunition (305.1906ms)
✔ empty guns, unseen drops, and incompatible ammunition are not scavenging goals (319.3821ms)
✔ fence orders equip real cutters and spend the normal cutting AP (477.814ms)
✔ overwatch orders reserve AP without consuming ammunition and lure orders walk normally (348.1134ms)
✔ sneak orders use the actual stealth toggle and respect unavailable actors (506.9565ms)
✔ normal squad behavior picks up an adjacent HMG before advancing (250.0158ms)
✔ all six direct stance transitions cost exactly2AP; repeat/invalid/insufficient changes do nothing (6149.6869ms)
✔ standing kneeling and prone routes debit2/4/8AP per tile and reject over-budget routes (1483.5801ms)
✔ movement locks stance changes and rechecks live stance cost before a queued step (326.0286ms)
✔ stance controls reject enemy turns and fallen characters; exploration stays free (393.5206ms)
✔ climbing requires standing and preserves the established vertical AP cost (1039.8072ms)
✔ enemy standing movement spends2AP per tile (309.3145ms)
✔ stance survives AP refresh and local-map travel (631.3513ms)
✔ seeing a rear-facing guard does not alert him (221.9123ms)
✔ cover, sneaking and prone stance lower acquisition chance (58.3478ms)
✔ acquisition has both outcomes and no refresh or combat RNG rerolls (136.502ms)
✔ woodland blocks distant contacts and terrain through intervening cells (346.8219ms)
✔ woodland diagonal lengths and partial endpoints use ray geometry (52.6048ms)
✔ woodland and guard facing survive map roundtrip and editor undo (147.4381ms)
✔ enemy bullets raise both meters by actual injury, and stress/fatigue stay bounded (578.9774ms)
✔ only a kill relieves the shooter, and fatigue does not disappear with the kill (251.8662ms)
✔ normal and medical rest reduce both meters while training does not (667.8948ms)
✔ window aperture permits centered sight but blocks movement, sill and outer frame rays (306.5381ms)
✔ closed doors block sight but can be opened along a walking route (649.5727ms)
✔ walking opens a closed door and updates sight and collision without altering the blueprint (1019.959ms)
✔ empty and cleared local maps remain walkable (571.279ms)
✔ travel requires gathered living squad, adjacency, no queue and no combat (439.7332ms)
✔ world travel preserves squad HP/ammo and visited map enemies/discovery (2267.9549ms)
✔ clearing a map permits departure without reviving fallen squad or guards (859.0186ms)
✔ exact cast, player advantage, legal spawn and long-range initial contact (494.3855ms)
✔ all guards are reachable through factory doors (456.6301ms)
✔ BFS avoids occupied tiles and solid cover; invalid moves never spend AP (408.2997ms)
✔ movement consumes actual path AP and does not overlap (830.8421ms)
✔ walls and diagonal corners block sight, crates provide directional cover (389.7724ms)
✔ fog hides guard behind wall and remembers explored terrain (211.3147ms)
✔ contact interrupts real-time path; LOS break cannot reset AP (301.6222ms)
✔ weapon identities, range, ammo persistence, equip and reload costs (364.8207ms)
✔ burst uses three rounds and 6 AP, rejects undersized magazine (330.3942ms)
✔ exploration opening attack enters combat and spends AP (272.0154ms)
✔ enemy phase locks player controls, terminates, and applies damage (1069.9717ms)
✔ cleared encounters resume exploration; cleared maps allow movement and loss locks input (262.8349ms)
✔ same seed produces repeatable shots (408.5271ms)
✔ guard holds firing position when remaining AP cannot pay for another shot (180.4774ms)
✔ animation does not add brightness stripes to uniform water (13.9546ms)
✔ opposite water edges match throughout the loop, including corners (10.1845ms)
✔ animation closes exactly and actually changes between phases (75.356ms)
✔ PPSh drum end caps, rims and hub face along the actual bore (21.4582ms)
✔ launcher bore aligns with a real top chamber, above the drum center (115.2782ms)
✔ HMG grasp surrounds the named handle with fingers, palm and opposing thumb and clears the shroud (423.6567ms)
✔ changing equipment restores the original hand, skin weights, mesh and triangle budget (129.4083ms)
✔ accepted shotgun and flamethrower retain geometry, materials and equipped carry (409.9176ms)
✔ model catalog covers every gameplay weapon with suitable contact semantics (47.8138ms)
✔ every carry meets actual weapon surfaces and skinned hand geometry; barrel mouths follow heading (657.3606ms)
✔ backpack and hose detach completely when switching to bare hands (158.7289ms)
✔ isometric picking recovers tiles after zoom and pan on both diagonal axes (3.3017ms)
✔ workers and pigs stay off footprints and conveyors through all connected plans (512.9372ms)
✔ walking routes go around buildings and cannot cross a conveyor wall (1.0459ms)
✔ farmhouse converts exactly five food deliveries into one ration, excluding alcohol (1.0543ms)
✔ ration outlet emits on its marked outside tile in all four rotations (1.1552ms)
✔ a hungry worker reaches the belt end, eats a parcel, and recovers productivity (2.0212ms)
✔ unreachable rations remain on the belt until a walking route opens (10.5683ms)
✔ building over an animal relocates it to open ground; removing its home removes it (0.7879ms)
✔ blocked ration outlet never stops farmhouse deliveries and preserves the ration share (10.4203ms)
✔ undo restores animal positions, hunger, ration inventory and meals together (92.5154ms)
ℹ tests 465
ℹ suites 0
ℹ pass 465
ℹ fail 0
ℹ cancelled 0
ℹ skipped 0
ℹ todo 0
ℹ duration_ms 27311.7856
Verified tactical assets: 36 armed character sprites, 90 stance sprites, base character frames and strips, environment assets, machines, and entrypoints.
