
> animal-factory-tactics-3d@0.4.0 check
> node --check dist/tactics/visibility.js && node --check dist/tactics/blocks.js && node --check dist/tactics/design-store.js && node --check dist/tactics/environment.js && node --check dist/tactics/environment-renderer.js && node --check dist/tactics/sector-rules.js && node --check dist/tactics/view.js && node --check dist/tactics/map-validation-worker.js && node --check dist/tactics/maps.js && node --check dist/tactics/world.js && node --check dist/tactics/editor-model.js && node --check dist/tactics/editor.js && node --check dist/tactics/app.js && node --check dist/tactics/engine.js && node --check dist/app.js && node --check dist/engine.js && node --check dist/renderer.js && node --check dist/people.js && node --check dist/isometric.js && node --test tests/*.test.mjs && node tools/check-assets.mjs

✔ bodies cover every animal uniform with independent transparent PNGs (10.8587ms)
✔ body rendering preserves location and facing without drawing equipment (0.4597ms)
✔ 29572: closed connected surfaces, scale and species landmarks survive reduction (449.3937ms)
✔ 29572: normalized rig, fixed feet, independent rifle grips and neutral restoration (346.8373ms)
✔ 9998: closed connected surfaces, scale and species landmarks survive reduction (81.9695ms)
✔ 9998: normalized rig, fixed feet, independent rifle grips and neutral restoration (227.1417ms)
✔ 10k variant is reduced from the stored 30k author, preserving every garment and head component (0.4034ms)
✔ six truck paint cameras share centered orthographic registration with distinct axes (3.0247ms)
✔ truck author and reduced meshes retain finite indexed material ownership (11.2245ms)
✔ reduced truck vertices derive from the corresponding author surfaces (31.8132ms)
✔ truck stays grounded and keeps author silhouette at reduced budget (17.619ms)
✔ finished explosive and flamethrower sprites suppress temporary equipment overlays (2.4421ms)
✔ every equipped weapon has artwork for the full cast, with a common ground baseline (1.6639ms)
✔ stance artwork covers every loadout and stays grounded while changing silhouette (1.9478ms)
✔ 29988: closed connected surfaces, scale and species landmarks survive reduction (493.2117ms)
✔ 29988: normalized rig, fixed feet, independent rifle grips and neutral restoration (346.8491ms)
✔ 10184: closed connected surfaces, scale and species landmarks survive reduction (93.6658ms)
✔ 10184: normalized rig, fixed feet, independent rifle grips and neutral restoration (93.5316ms)
✔ 10k variant is reduced from the stored 30k author, preserving every garment and head component (0.2952ms)
✔ depots accept only rations at the marked input in every rotation and stockpile 32 (4.4052ms)
✔ workers prefer a reachable stocked depot and each consume exactly one reserved portion (8.1772ms)
✔ unreachable or empty depots preserve conveyor-end fallback (7.8123ms)
✔ deleting a targeted depot cancels the trip and undo restores its stock (3.4637ms)
✔ full depot backs up the return belt but never blocks bread deliveries (383.307ms)
✔ starter food chains deliver to depots and workers eat outside their footprints (264.9623ms)
✔ 29850: closed connected surfaces, scale and species landmarks survive reduction (402.6274ms)
✔ 29850: normalized rig, fixed feet, independent rifle grips and neutral restoration (402.4927ms)
✔ 10446: closed connected surfaces, scale and species landmarks survive reduction (153.8726ms)
✔ 10446: normalized rig, fixed feet, independent rifle grips and neutral restoration (149.1596ms)
✔ 10k variant is reduced from the stored 30k author, preserving every garment and head component (0.3021ms)
✔ donkey 28898: closed connected surfaces and species landmarks (464.0932ms)
✔ donkey 28898: rig weights, stable feet and rifle contact (444.5653ms)
✔ donkey 10110: closed connected surfaces and species landmarks (153.2282ms)
✔ donkey 10110: rig weights, stable feet and rifle contact (109.1261ms)
✔ donkey reduction preserves all author components (0.5404ms)
✔ neck separates jaw from scarf while preserving the skull size and paint registration (187.0232ms)
✔ connected wheat → flour → bread line delivers to farmhouse (58.1581ms)
✔ disconnected output backs up with bounded inventory (15.6655ms)
✔ only the marked input accepts the correct product and direction (0.5598ms)
✔ straight lines snap to dominant axis and reverse travel with drag (1.2371ms)
✔ 3 × 3 footprints and entire lines reject collisions atomically (0.8551ms)
✔ rotated buildings use corresponding side ports (3.1376ms)
✔ conveyors turn corners without destroying parcels (0.3623ms)
✔ restoring an undo snapshot restores layout and inventory (18.746ms)
✔ two incoming belts cannot duplicate or overwrite cargo at a merge (0.4092ms)
✔ fruit goes through pressing, fermentation and bottling before delivery (112.2308ms)
✔ grain, dairy and sugar branches converge into delivered cakes (128.611ms)
✔ cake recipe waits for all three ingredients without consuming the others (2.2387ms)
✔ all three ingredient ports rotate and reject wrong goods (0.6801ms)
✔ one full ingredient buffer cannot occupy another ingredient buffer (0.2966ms)
✔ connecting an example does not overwrite a moved or rotated layout (0.2578ms)
✔ complete model catalog renders finite geometry without mutating collision or map data (48.4148ms)
✔ rectangular props rotate their complete model around the saved footprint and preserve upper elevation (1.0384ms)
✔ model primitives have finite triangle surfaces and unit extents, including a continuous roof slope (3.5283ms)
✔ all boundary and ground types retain support and windows retain their opening (1.0418ms)
✔ 29586: closed connected surfaces, scale and species landmarks survive reduction (450.9868ms)
✔ 29586: normalized rig, fixed feet, independent rifle grips and neutral restoration (358.8523ms)
✔ 9994: closed connected surfaces, scale and species landmarks survive reduction (140.7163ms)
✔ 9994: normalized rig, fixed feet, independent rifle grips and neutral restoration (133.1284ms)
✔ 10k variant is reduced from the stored 30k author, preserving every garment and head component (2.0622ms)
✔ 29952: closed connected bird and garment surfaces within budget (157.2243ms)
✔ 29952: wing articulation preserves feet, body and neutral restoration (104.4363ms)
✔ 10348: closed connected bird and garment surfaces within budget (33.4496ms)
✔ 10348: wing articulation preserves feet, body and neutral restoration (27.5104ms)
✔ hen reduction derives from author and retains all species components (0.3737ms)
✔ hen four-view paint frame contains wings, comb, toes and tail (30.051ms)
✔ grey sculpt has connected closed surfaces, finite normals and grounded prototype height (21311.7662ms)
✔ horse-light-data.json: closed and connected within triangle budget (101.7379ms)
✔ horse-light-data.json: weighted neutral mesh reproduces the stored form and every skin weight is valid (472.8297ms)
✔ horse-light-data.json: carry deforms actual arms, keeps feet planted and puts hand geometry around independent rifle grips (244.2135ms)
✔ horse-10k-data.json: closed and connected within triangle budget (13.8148ms)
✔ horse-10k-data.json: weighted neutral mesh reproduces the stored form and every skin weight is valid (66.3984ms)
✔ horse-10k-data.json: carry deforms actual arms, keeps feet planted and puts hand geometry around independent rifle grips (58.8428ms)
✔ paint projection matches actual reference cameras at every cardinal view (3.3472ms)
✔ paint validity removes connected neutral background, preserving enclosed grey paint (1.9166ms)
✔ catalog silhouettes are finite, distinguish open containers and retain structure openings (858.7142ms)
✔ campaign travel and return retain hybrid geometry and persistent squad state (8198.3929ms)
✔ real engine movement opens shared geometry; rendered observer cannot change replay (963.0097ms)
✔ standing, kneeling and facing-aware prone volumes participate in nearest friendly fire (75.7277ms)
✔ window geometry deliberately differs from legacy and sight uses actual aimed regions (72.917ms)
✔ upper floors, stair holes, door updates and destruction invalidate the shared world (267.4177ms)
✔ grenades retain a swept parabola, roofs intercept arcs, and scatter stays seeded (82.4816ms)
✔ roof underside blast leaves the impact face and still shields actors above it (193.3699ms)
✔ requested aim cannot override a nearer physical region and pellets aim at prone head XY (94.9818ms)
✔ nearest-direction bound covers angular midpoints and has the corrected denominator (1.3653ms)
✔ sector selection rejects unsupported headings and chooses both sides of each boundary (0.3616ms)
✔ candidate cards preserve all pixel distances and fixed guide anchors without muzzle fitting (1.5077ms)
✔ manual landmark uncertainty prevents false passes and all measured tips remain in their crop (1.406ms)
✔ door and window openings pass rays while solid wall and sill block them (13.9796ms)
✔ vertical rays hit the optional roof and intersection chooses the nearest surface (0.3107ms)
✔ actual low-poly barrel cap and axis follow physical muzzle through continuous headings and floors (251.9248ms)
✔ pose rig preserves limb lengths and actual gloves intersect the rifle contact volumes (39.2819ms)
✔ relaxed carry lowers elbows while retaining hand contact and upright bounds (34.672ms)
✔ animated poses retain limb lengths, ground clearance and planted walking contacts (578.0579ms)
✔ discharge uses physical muzzle before recoil and timestamp evaluation is repeatable (42.4764ms)
✔ brick density follows world distances across tall, short and neighboring faces (11.7001ms)
✔ painted room material keeps four brick widths and ten courses per repeat (0.269ms)
✔ shared slab sides are culled while perimeter and stair-hole edges remain (1.7482ms)
✔ rigid art preview preserves distances and ground anchor without heading-dependent deformation (1.4536ms)
✔ opaque sprite bounds calibrate all stances and prone long axis follows eight headings (119.0625ms)
✔ measured painted muzzle maps to actual firing origin across all calibration poses (147.2562ms)
✔ canonical fixture validates and round-trips unknown metadata without mutation (209.481ms)
✔ prototype dimensions, upper floor and 2:1 diamond use one axis conversion (0.7025ms)
✔ door transaction, window boundaries, lintel and roof hit actual shared surfaces (112.724ms)
✔ unsupported content has explicit diagnostics and stair opening is preserved (36.5879ms)
✔ negative boundary edges and diagonal chunk traversal agree with brute force (76.5084ms)
✔ upper floor and rotated cover use map coordinates; IDs independent of prop order (40.4424ms)
✔ loot artwork follows remaining inventory and never leaves ghost guns after pickup (2.2938ms)
✔ dead firearm users show their equipped gun and only nonempty matching ammo (0.3763ms)
✔ fallen guards remain drawable after refresh removes live detection, respecting floor and exploration (180.4521ms)
✔ drop rendering skips pending images and scales the ground layout with camera zoom (0.4295ms)
✔ all 48 cargo combinations fit their declared tile footprint and stay grounded (511.9994ms)
✔ horizontal drum piles have two aligned supporting drums; vertical stacks have full supporting lids (11.6014ms)
✔ switching forms reuses library resources and rejects mismatched skins (233.599ms)
✔ softened parts retain finite surfaces and intended depth at small and structural sizes (23.5415ms)
✔ painted doorway retains a clear one-tile opening and horse asset is not part of scenery (133.9518ms)
✔ 29996: closed connected surfaces, scale and species landmarks survive reduction (456.4806ms)
✔ 29996: normalized rig, fixed feet, independent rifle grips and neutral restoration (399.6016ms)
✔ 9998: closed connected surfaces, scale and species landmarks survive reduction (134.3697ms)
✔ 9998: normalized rig, fixed feet, independent rifle grips and neutral restoration (163.502ms)
✔ 10k variant is reduced from the stored 30k author, preserving every garment and head component (0.2883ms)
✔ paint frame matches its four cameras and contains ears, belly and body (27.3685ms)
✔ 29978: closed connected surfaces, scale and species landmarks survive reduction (487.657ms)
✔ 29978: normalized rig, fixed feet, independent rifle grips and neutral restoration (448.8231ms)
✔ 9988: closed connected surfaces, scale and species landmarks survive reduction (125.9296ms)
✔ 9988: normalized rig, fixed feet, independent rifle grips and neutral restoration (131.3416ms)
✔ 10k variant is reduced from the stored 30k author, preserving every garment and head component (0.5571ms)
✔ paint frame matches its four cameras and contains cap, ears and body (63.1573ms)
✔ foreman author: corrected body preserves head, registered paint and unit normals (282.9374ms)
✔ foreman 10k: corrected body preserves head, registered paint and unit normals (88.7968ms)
✔ director author: corrected body preserves head, registered paint and unit normals (300.5267ms)
✔ director 10k: corrected body preserves head, registered paint and unit normals (106.3444ms)
✔ 29972: closed connected surfaces, scale and species landmarks survive reduction (622.2079ms)
✔ 29972: normalized rig, fixed feet, independent rifle grips and neutral restoration (413.2566ms)
✔ 10156: closed connected surfaces, scale and species landmarks survive reduction (132.672ms)
✔ 10156: normalized rig, fixed feet, independent rifle grips and neutral restoration (118.4616ms)
✔ 10k variant is reduced from the stored 30k author, preserving every garment and head component (0.3887ms)
✔ Red Hats have every armed stance with valid transparent frames and a shared baseline (1667.8068ms)
✔ all compatible bank edges match RGBA, including unconnected land edges (14.4088ms)
✔ banks remain land at closed edges, transparent at connected openings (0.5529ms)
✔ river banks retain open centers in isolated pools and open water under bridges (4.252ms)
✔ adjacent water quadrants agree on shared edge corners across surrounding terrain (11.9504ms)
✔ 30756: closed connected surfaces, scale and species landmarks survive reduction (518.1223ms)
✔ 30756: normalized rig, fixed feet, independent rifle grips and neutral restoration (423.0568ms)
✔ 10476: closed connected surfaces, scale and species landmarks survive reduction (133.7301ms)
✔ 10476: normalized rig, fixed feet, independent rifle grips and neutral restoration (127.8308ms)
✔ 10k variant is reduced from the stored 30k author, preserving every garment and head component (0.5609ms)
✔ scarf ends have outward-facing volume and clear the actual shirt and vest in both meshes (168.7234ms)
✔ all compatible corner tile boundaries match across every variant (51.4791ms)
✔ variants change interiors while preserving midpoint crossings (2.3925ms)
✔ skunk has all 30 outfit, weapon and stance combinations (234.0543ms)
✔ skunk guards survive map validation and game creation with every weapon (103.4972ms)
✔ 29934: closed connected surfaces, scale and species landmarks survive reduction (579.1812ms)
✔ 29934: normalized rig, fixed feet, independent rifle grips and neutral restoration (443.7113ms)
✔ 9998: closed connected surfaces, scale and species landmarks survive reduction (89.768ms)
✔ 9998: normalized rig, fixed feet, independent rifle grips and neutral restoration (78.2516ms)
✔ 10k variant is reduced from the stored 30k author, preserving every garment and head component (0.4741ms)
✔ wide paint frame matches its four cameras and contains the complete tail and body (27.6219ms)
✔ a pistol shot alerts guards within twenty-four tiles and only makes those beyond suspicious (497.3209ms)
✔ a rifle shot carries forty-eight tiles (386.3545ms)
✔ a guard firing alerts its colleagues too, and an already alert guard keeps its own fix (238.153ms)
✔ melee makes no report (211.0059ms)
✔ block JSON roundtrip preserves all three levels and terrain geometry without squad markers (82.6452ms)
✔ place block into sector10,10 transforms edges and climbs and is undoable (856.8124ms)
✔ block placement rejects obstructed squad starts atomically (38.2451ms)
✔ sector capture rejects crossing props and roof links (1.6601ms)
✔ block import rejects malformed bounds and unknown content (31.4569ms)
✔ replacing a sector removes old content on all levels but keeps neighboring designs (176.4166ms)
✔ block import rejects falsy floor values and aliased edges (2.5486ms)
✔ defeat captures stabilized mercs and kills every bleeding merc immediately (275.7619ms)
✔ captured mercs are not corpses or XP recipients and never auto-revive (230.9881ms)
✔ shared clock advances from real elapsed time, pauses without catch-up, and rolls over days (292.0435ms)
✔ production is independent of frame size and begins only after liberation (660.1968ms)
✔ rest advances the same clock, heals living troops to their cap, refills AP and produces income (179.2304ms)
✔ training grants existing progression rewards without healing or training captured troops (168.7553ms)
✔ unsafe, queued and invalid downtime takes no time or money and grants no rewards (186.3611ms)
✔ travel advances the campaign clock exactly one hour and keeps training results (1302.9507ms)
✔ all five connection types preserve metadata through block and map JSON (630.0888ms)
✔ one element per direction rejects multiple roads and compound features (15.8852ms)
✔ adjacent roads match exact widths and reject atomically; later painting invalidates rules (89.8129ms)
✔ cliffs match height and side and fences match materials (193.7391ms)
✔ seeded generation produces 100 matched road blocks with valid starts and deterministic output (347.7333ms)
✔ unsatisfiable and overpopulated libraries fail without touching source blocks (43.4279ms)
✔ user checkpoint matches the four intended directions (7.9842ms)
✔ road and river openings reject barriers at the seam (4.7029ms)
✔ flat elevation and explicit seam conflicts cannot silently match (235.0594ms)
✔ movement cost reflects free exploration, combat budget and unavailable routes (412.6245ms)
✔ attack labels retain weapon cost when ammunition or AP prevents shooting (152.6551ms)
✔ ground, friendly selection and detected enemy targeting match their cursors (221.1115ms)
✔ bolt cutter action requires held cutters, reachable known wire fence, and enough AP (283.7928ms)
✔ fence picking uses its raised visible face, selected floor and adjacent edge (202.5789ms)
✔ hand interactions respect loot visibility, adjacency and blocking edges (255.687ms)
✔ all four diagonals use3/6/12AP for standing kneeling prone (2415.7274ms)
✔ every corner edge and either obstructed flank blocks a diagonal in both directions (4.9743ms)
✔ living flank occupants block diagonals and queued movement rechecks late blockers (161.2882ms)
✔ diagonal upper movement needs support in both flank tiles and destination (1.6131ms)
✔ mixed cardinal and diagonal path uses optimal octile distance (117.2967ms)
✔ melee guard can strike from diagonal adjacency (156.208ms)
✔ Easy automatic stabilization waits for encounter clear and restores 5 HP (209.2408ms)
✔ Standard grants six squad turns and whole-squad incapacitation still loses on Easy (390.6043ms)
✔ difficulty follows the campaign to new local maps (387.7324ms)
✔ factory income depends on shortest route from fixed start; yards and unreachable factories earn nothing (301.1937ms)
✔ successful travel advances an hour of factory production; rejected travel takes no time (2237.5658ms)
✔ rectangles include both corners, reverse, shrink and clamp to workspace (3.0506ms)
✔ wall lines lock starting axis and preserve outer boundary and elevation (0.385ms)
✔ roof rectangle and wall line each form one reversible saved-map change (87.2621ms)
✔ a multi-tile paint stroke undoes and redoes as one operation (39.9961ms)
✔ walls and doors replace shared edges without changing terrain; erasure undoes (79.0599ms)
✔ starts and travel marker are protected from crates and overlapping actors (11.2959ms)
✔ guards cap at 46; editing and deleting a guard preserves valid schema (917.2281ms)
✔ room footprints fit bounds, can rotate, and create open door edges (5.5268ms)
✔ replace/import is undoable, malformed import cannot alter the working map (43.3051ms)
✔ disconnected drafts roundtrip for repair but cannot become playable definitions (49.7668ms)
✔ upper roofs create support and erased tiles and legacy crates can be restored with undo (73.3796ms)
✔ prop placement checks whole footprint and cached lookups follow placement/erase/undo (78.5653ms)
✔ rotated props fit 1x2 and reject walls, unsupported floors and protected starts (62.8495ms)
✔ all new brush data survives a portable JSON roundtrip (57.1374ms)
✔ later wall edits cannot bisect a two-cell prop (25.3263ms)
✔ clear landscape reaches75 while character detection stops at60, with current terrain caches (685.4528ms)
✔ unknown obstacle variants produce identical initial routes and reveal no endpoint validity (957.126ms)
✔ navigation reaches unknown destination and reroutes around newly revealed obstacles (9977.5127ms)
✔ newly revealed blocked destination stops without claiming arrival (486.9067ms)
✔ spotting a distant guard stops movement without automatically alerting him (921.4251ms)
✔ long combat orders move only affordable steps and never resume next turn (596.6775ms)
✔ terrain caches invalidate on walls and agree with exact LOS through window openings (572.9112ms)
✔ rockets collide with the first wall or body; grenades arc over a low wall (255.1947ms)
✔ arcs hit ceilings and solid upper floors instead of teleporting through them (193.1003ms)
✔ blasts breach wall edges and props, invalidate prop caches, and open navigation (158.5125ms)
✔ blast damage falls with 3D distance and intact floors shield other levels (199.1888ms)
✔ beyond effective range has severe scatter, elevation extends launcher reach, and throws are bounded (214.1229ms)
✔ terrain firing consumes AP and ammunition once, causes strain, and awards kill relief (228.0707ms)
✔ blast friendly fire damages survivors and records their reaction, without body-zone bonuses (314.8331ms)
✔ a grenade aimed over a missing upper floor falls until it hits physical ground (153.8368ms)
✔ surviving walls block blast damage and near misses do not erase distant scenery (134.8167ms)
✔ self damage is possible, and invalid terrain shots never spend resources (140.3454ms)
✔ feature lines run the whole grid and crossings require exact ports (6.691ms)
✔ planned map fills the road/fence crossing, keeps all offsets and roundtrips (819.3614ms)
✔ missing crossing reports exact sector and cannot mutate the plan or library (137.6085ms)
✔ seeded lines deterministic and malformed plans rejected (114.7259ms)
✔ a straight fence cannot drift between its north and south edges (107.4266ms)
✔ the nozzle table covers every flamethrower sprite and matches a fresh measurement of the PNGs (419.4349ms)
✔ nozzle measurement finds the muzzle face and barrel axis, ignoring a flared tip (1.6289ms)
✔ nozzle offsets repeat the renderer sprite placement for both facings and the vector overlay (1.3215ms)
✔ attack effects play back to back, flame bursts take their own time, and bullets keep the old rule (1.0322ms)
✔ a burst draws finite, outlined, single-winding shapes for every outcome, facing and moment (8804.3557ms)
✔ bursts are deterministic for a seed and differ between seeds (9.2068ms)
✔ pose helpers stay still outside their windows and a burned body is held until the flame lands (0.9171ms)
✔ a miss lands on the floor beside the target, short of it, on a side chosen by the seed (0.4011ms)
✔ tank detonation thresholds are per successful hit: torso 25%, weapon 90% (1561.1428ms)
✔ misses, head/leg hits, empty tanks and absent tanks never detonate (995.6069ms)
✔ explosion kills wearer and adjacent allies permanently, ignites through radius five, and respects floors (437.7364ms)
✔ burning units cannot act, flee on three turns, then recover even after combat ends (565.1886ms)
✔ short-range flame hits are lethal for either team and survivors panic (1047.6927ms)
✔ flamethrower supports inventory size, fuel reload and editor roundtrip (310.9351ms)
✔ fire keeps turn mode alive after the final guard dies and expires after three rounds (522.985ms)
✔ walking into fire cancels the route and ignition during an enemy turn still lasts three panic turns (715.1071ms)
✔ attack events name the shooter and target and list every unit the shot put down (1397.6331ms)
✔ rifles need adjoining cells in one row, and items can be manually positioned (221.6924ms)
✔ two large weapons fit ready slots and swap free even with zero AP (173.5303ms)
✔ fragmented space rejects a rifle without mutations; existing ammo stack fits full bag (173.1407ms)
✔ four characters advance in a single tick and retain offsets at destination (1848.9907ms)
✔ group stop cancels every route and combat spends each members movement AP (892.4273ms)
✔ blocked formation slots use distinct nearby destinations without overlaps (1879.4065ms)
✔ aimed torso retains existing shot while head trades accuracy for damage (121.9751ms)
✔ one-tile formation movement uses teammates vacated cells (543.811ms)
✔ prone observer cannot see over nearby low cover; standing restores detection and terrain immediately (443.7611ms)
✔ window sill hides legs while head and torso remain exposed; hidden aim never spends resources (252.9443ms)
✔ stance changes alter the target body heights; prone targets disappear behind a sill (325.652ms)
✔ shared sight does not unlock a body part hidden from the selected shooter (237.378ms)
✔ solid floors block vertical sight for all stances and targeted zones (249.0409ms)
✔ enemy chooses an exposed head rather than firing at a hidden torso (322.3171ms)
✔ destroying low cover invalidates fog and exposes a target to a prone observer (283.6342ms)
✔ cutters must occupy held slot 0 to open adjacent wire fence (456.1493ms)
✔ cutters must occupy held slot 1 to open adjacent wire fence (268.4925ms)
✔ combat equip costs 3 AP, cutting costs 4 AP, and replacing cutters returns them to the bag (245.2781ms)
✔ equipping and stowing cutters reject full backpack without losing equipment (125.8121ms)
✔ equipped swaps are free at zero AP; unavailable weapons cannot be conjured (212.9283ms)
✔ partial reload consumes finite compatible rounds and cannot create ammunition (129.4922ms)
✔ drop, pickup and teammate transfer preserve loaded weapon and reject duplicate or full grid atomically (145.0819ms)
✔ active layers retain full contrast and other layers fade with distance (1.8215ms)
✔ compositor isolates sprite alpha, clears each layer and uses backing resolution (0.7562ms)
✔ walls live on shared edges, never occupy either neighboring tile (255.7325ms)
✔ door edges permit passage and sight in both directions (143.3752ms)
✔ diagonal sight cannot leak through a wall endpoint and is reciprocal (182.6264ms)
✔ movement rechecks barriers instead of trusting queued path (548.4619ms)
✔ map schema rejects malformed maps and unreachable starts, roundtrips good data (91.8169ms)
✔ generated layouts are deterministic, connected and have four starts / 46 guards (12524.3609ms)
✔ wall picking selects the same shared barrier from either tile (0.7028ms)
✔ lethal guard damage incapacitates squad for six treatment turns (258.5627ms)
✔ bleeding lasts five ends and expires on the sixth, even after last guard dies (236.6042ms)
✔ medical skill changes AP cost and stabilization consumes one medkit exactly once (252.0701ms)
✔ treatment rejects walls, other levels, range and insufficient AP without consuming supplies (30.6447ms)
✔ cutters make one adjacent chainlink edge passable, charge once, and reject railings (274.3334ms)
✔ walkable bush and parapet cover protects occupants while reeds and metal roofs do not (215.2286ms)
✔ roof modules remain walkable on upper floors and reject walls through any interior edge (654.8449ms)
✔ builder guard outfits survive export and use armed and prone Red Hats art in game (97.3573ms)
✔ every new prop can be placed, exported, reloaded and used by game collision in both orientations (88.4728ms)
✔ jail barriers block movement but allow sight, and cut fence allows crossing (6.3522ms)
✔ a shorter reservation holds ammunition until enemy enters its radius (293.645ms)
✔ invalid ranges spend no AP; weapon changes clamp saved distance (337.0659ms)
✔ overlay shades walls darker, opens door lanes, respects facing and distance (252.9386ms)
✔ the tactics Pages build lists every local module and page its listed files reference (212.2213ms)
✔ cone boundaries wrap and do not reveal rear targets (1.5413ms)
✔ turning invalidates terrain visibility, preserves memory, without spending AP (382.255ms)
✔ shared sight cannot fire outside personal cone or through a wall (318.6012ms)
✔ incoming shot gives a rear-facing guard a response (340.2757ms)
✔ mercs have separate authored voices, relationships and persistent personal memories (300.8689ms)
✔ landed replies form a finite chain, spend loaded rounds and no AP, and do not reload (363.5956ms)
✔ an unarmed or empty recipient quips and cannot get a free weapon switch (472.7872ms)
✔ retaliation interrupts a burst and stops its remaining rounds if the shooter falls (171.1775ms)
✔ incapacitated recipients cannot reply (168.4483ms)
✔ burning recipients cannot retaliate and missed replies do not cause another reaction (564.232ms)
✔ history and distrust increase retaliation; medical help rebuilds trust; rest preserves grudges (128.2328ms)
✔ shared XP grants three points every100XP; training atomically spends and never refills health/AP (294.3125ms)
✔ species traits remain separate and derived stats are idempotent (189.8958ms)
✔ one guard death awards XP once and friendly attacks cannot farm it (174.4729ms)
✔ skill caps, medical cap and campaign transfer preserve progression (427.9816ms)
✔ accurate shots strike the nearest unit regardless of team, including allies beside the muzzle (4.6403ms)
✔ missed rounds can hit a diagonally adjacent ally and never hit a unit behind the shooter (1.014ms)
✔ a near miss continues past the intended target and can hit someone behind it (13.4457ms)
✔ walls and exact corner joins stop rays before units; open doors and chainlink pass rounds (3.3376ms)
✔ low cover, window frames, stance height and upper floors participate in actual collision (4.8882ms)
✔ bullets stop at ground and map bounds without leaving the playable map (1.0111ms)
✔ a real burst charges once, traces each round, damages the blocking ally and preserves target health (394.0836ms)
✔ incidental torso hits can detonate a friendly flamethrower and cancel remaining burst shots (201.2872ms)
✔ scatter is reproducible and enemies can hit other guards (881.5399ms)
✔ every agreed range is executable at its boundary and rejected just past it (2348.0835ms)
✔ range-normalized accuracy preserves long-range rifles and weak pistols (808.0593ms)
✔ flame damage falls with distance while close hits remain lethal (278.0991ms)
✔ one shotgun shell produces six collision paths but charges AP and ammunition once (246.428ms)
✔ shotgun concentration falls at range, with missed pellets colliding with nearby allies (13276.2596ms)
✔ sniper guards can pay for an eight-AP shot and new loadouts survive editor parsing (73.2381ms)
✔ automatic weapons fire physical three-round bursts and reject insufficient ammunition (212.0404ms)
✔ SMG rounds and buckshot pellets share pistol damage and penetration class (101.8061ms)
✔ new automatic weapons survive editor serialization and have Factory supplies (249.7526ms)
✔ overwatch reserves AP once and fires only one round without double charge (341.6439ms)
✔ free weapon swap or turn cancels reserved reaction without refund (363.5586ms)
✔ overwatch respects cone, walls and empty ammunition (259.8647ms)
✔ stealth lowers detection distance and adds movement AP (262.7263ms)
✔ unseen noise is approximate and investigation never reveals a target through walls (374.8799ms)
✔ formation orders cancel reservations and group footsteps create noise (369.0968ms)
✔ ordinary rest heals gradually over two days, independent of rest chunk size (766.6807ms)
✔ selected trained medic and one kit per wounded troop restore health in one day (141.2926ms)
✔ short courses heal gradually and continue without consuming another medkit (212.9618ms)
✔ ordinary rest continues an existing medical course (146.3475ms)
✔ medical care rejects untrained, unavailable medics and insufficient kits atomically (477.6067ms)
✔ healthy, dead and captured troops consume no medical supplies and cannot be revived (170.9222ms)
✔ the overmap is a grid: links derive from tile positions and the far side of each edge is known (262.0196ms)
✔ leaving needs the ground-level border band on a side with a map beyond it, and one step of AP in combat (1528.4879ms)
✔ one crosser leaves the fight: off the map for guards and tiles, AP spent, comrades stay in combat (644.1734ms)
✔ the last standing member crossing moves the squad: crossers land on the far border at their row, the clock advances an hour (782.805ms)
✔ downed comrades left behind meet the defeat rule: stabilized are captured, bleeding die (1021.8523ms)
✔ a fight lost after a comrade crossed is not a wipe: the crosser arrives, the fallen are recorded, the run continues (864.05ms)
✔ crossers commit the squad to one destination; the travel marker follows them and merges arrivals (746.7545ms)
✔ crossing into a generated map with water or void on its edge still lands on walkable ground near the entry row (1317.5213ms)
✔ a crosser has no body: a guard firing along the row it left hits the comrade behind it, never the crosser (601.5881ms)
✔ a crosser has no body for a blast either (454.373ms)
✔ a waiting crosser can come back across the edge onto the tile it left, for a step of AP in combat, unless it is blocked (646.0902ms)
✔ rest and training wait for the squad to regroup (337.1946ms)
✔ crossing mid-turn does not refill the turn: a squad that crossed with 10 AP into a live contact keeps 10, and crossing clears overwatch (702.9079ms)
✔ a map left mid-fight is re-entered as a fresh contact, not a frozen turn: guards stay alert, the round advances, AP is full (726.3459ms)
✔ a map lost after a crossing can be re-entered: the fallen stay fallen, the record moves to the world, the survivor can act (513.4149ms)
✔ a retreat from the yard westward resolves to the factory, not to a hard-coded neighbour (493.1716ms)
✔ a comrade waiting beyond the edge gets the new round like everyone else, so a return is charged from a fresh turn (394.4082ms)
✔ a return is a step: it walks into a fire on the tile and makes a footstep (210.5672ms)
✔ abandoned comrades are written to the run record once, and a second loss on the same map lists only what it cost (521.852ms)
✔ marked roof climbs traverse exactly one adjacent level for6AP in either direction (380.9516ms)
✔ roof geometry rejects missing support, blocked upper edge, blocked headroom and multi-level records (117.1624ms)
✔ roof editor creation, endpoint protection, roundtrip and erase undo remain consistent (120.9544ms)
✔ queued climb stops if its upper edge is blocked before execution (3455.8546ms)
✔ two-level uphill range costs2tiles, downhill has no vertical distance tax, melee unchanged (117.5413ms)
✔ guard roof approach cost includes standing movement (2870.8162ms)
✔ enemy AI spends6AP to climb toward a remembered rooftop target (200.5156ms)
✔ ladders cost3AP, stairs2AP and old connections remain stairs (306.3178ms)
✔ fences block crossing but not sight or cover, walls block both (196.5789ms)
✔ two-tile props occupy both cells, tall crates occlude and pallets stay walkable (217.8023ms)
✔ uphill adds range distance while downhill retains normal reach and solid floors (157.2957ms)
✔ seeded river sectors match sockets and make exactly two bridges in either orientation (11186.5399ms)
✔ river rules reject a missing bridge deck, blocked road or incompatible sector (28.4749ms)
✔ queued vertical movement uses the current ladder AP cost (277.2581ms)
✔ downhill spotting uses the same60tile character cap (77.9204ms)
✔ bridge-sector approach cells must stay walkable, not only the water crossing (31.1015ms)
✔ 240-square maps support 50 actors and reject actor 51 (1671.7826ms)
✔ stairs link three floors, cost 2 AP, and level occupancy is independent (918.9416ms)
✔ queued stair movement rechecks removed connections (2755.1289ms)
✔ solid floors stop vertical fire; stair openings allow it without imaginary cover (99.9974ms)
✔ sight can pass a platform edge in both directions (141.5466ms)
✔ upper-floor brushes and stairs undo together without touching ground (24.6975ms)
✔ version-one 28x24 drafts retain all contents in the expanded ground floor (21.818ms)
✔ a dead distant arrival start does not reveal terrain or alert guards (701.1841ms)
✔ travel gathers characters on the marker floor, not just matching XY (119.5598ms)
✔ large-map routes stay legal and a full 50-character enemy phase terminates (4804.0033ms)
✔ every roster species has a sight entry with bino <= field <= 360 and a usable fall-off (2.6237ms)
✔ identification range is non-increasing in bearing, full inside the binocular core and zero beyond the field (3.9882ms)
✔ identification never exceeds detection at any bearing, and detection saturates inside the field (38.6838ms)
✔ a wider field with the same other parameters sees a superset of bearings (0.9005ms)
✔ a flat cone without a species keeps the old rule: full range inside, nothing outside (0.3883ms)
✔ a still guard in the periphery beyond the identify lobe is unseen; a moving one is glimpsed, not identified (585.0103ms)
✔ a guard that glimpses a moving worker gains approximate suspicion, not alert; identification alerts it (735.9779ms)
✔ neither a glimpse nor identification passes a wall (466.6422ms)
✔ terrain reveal follows the species field, not a flat 120 degree cone (277.7945ms)
✔ a firing unit counts as moving for the next refresh (249.532ms)
✔ an attack from the blind notch spins the victim toward the attacker, so it can answer (323.2776ms)
✔ scavenging seeks known compatible ammo instead of abandoning the rifle (434.9573ms)
✔ loaded HMG is collected, equipped, and paid for with normal inventory AP (455.5726ms)
✔ empty duplicate can be exchanged for a loaded drop without creating ammunition (268.595ms)
✔ empty guns, unseen drops, and incompatible ammunition are not scavenging goals (280.3638ms)
✔ fence orders equip real cutters and spend the normal cutting AP (540.578ms)
✔ overwatch orders reserve AP without consuming ammunition and lure orders walk normally (287.2597ms)
✔ sneak orders use the actual stealth toggle and respect unavailable actors (265.205ms)
✔ normal squad behavior picks up an adjacent HMG before advancing (234.4089ms)
✔ all six direct stance transitions cost exactly2AP; repeat/invalid/insufficient changes do nothing (5403.595ms)
✔ standing kneeling and prone routes debit2/4/8AP per tile and reject over-budget routes (1067.9168ms)
✔ movement locks stance changes and rechecks live stance cost before a queued step (326.0339ms)
✔ stance controls reject enemy turns and fallen characters; exploration stays free (353.853ms)
✔ climbing requires standing and preserves the established vertical AP cost (1140.0565ms)
✔ enemy standing movement spends2AP per tile (350.6761ms)
✔ stance survives AP refresh and local-map travel (642.3478ms)
✔ seeing a rear-facing guard does not alert him (189.3969ms)
✔ cover, sneaking and prone stance lower acquisition chance (42.2013ms)
✔ acquisition has both outcomes and no refresh or combat RNG rerolls (92.0186ms)
✔ woodland blocks distant contacts and terrain through intervening cells (346.6083ms)
✔ woodland diagonal lengths and partial endpoints use ray geometry (40.3106ms)
✔ woodland and guard facing survive map roundtrip and editor undo (119.1296ms)
✔ enemy bullets raise both meters by actual injury, and stress/fatigue stay bounded (307.848ms)
✔ only a kill relieves the shooter, and fatigue does not disappear with the kill (260.9541ms)
✔ normal and medical rest reduce both meters while training does not (541.3829ms)
✔ window aperture permits centered sight but blocks movement, sill and outer frame rays (192.4232ms)
✔ closed doors block sight but can be opened along a walking route (479.8745ms)
✔ walking opens a closed door and updates sight and collision without altering the blueprint (978.7275ms)
✔ empty and cleared local maps remain walkable (369.0657ms)
✔ travel requires gathered living squad, adjacency, no queue and no combat (355.0037ms)
✔ world travel preserves squad HP/ammo and visited map enemies/discovery (1685.8415ms)
✔ clearing a map permits departure without reviving fallen squad or guards (794.164ms)
✔ exact cast, player advantage, legal spawn and long-range initial contact (308.2989ms)
✔ all guards are reachable through factory doors (362.9138ms)
✔ BFS avoids occupied tiles and solid cover; invalid moves never spend AP (403.8863ms)
✔ movement consumes actual path AP and does not overlap (511.9523ms)
✔ walls and diagonal corners block sight, crates provide directional cover (240.4549ms)
✔ fog hides guard behind wall and remembers explored terrain (151.5274ms)
✔ contact interrupts real-time path; LOS break cannot reset AP (319.0182ms)
✔ weapon identities, range, ammo persistence, equip and reload costs (377.718ms)
✔ burst uses three rounds and 6 AP, rejects undersized magazine (268.4154ms)
✔ exploration opening attack enters combat and spends AP (241.5656ms)
✔ enemy phase locks player controls, terminates, and applies damage (876.5223ms)
✔ cleared encounters resume exploration; cleared maps allow movement and loss locks input (249.2715ms)
✔ same seed produces repeatable shots (363.3202ms)
✔ guard holds firing position when remaining AP cannot pay for another shot (195.2675ms)
✔ animation does not add brightness stripes to uniform water (16.929ms)
✔ opposite water edges match throughout the loop, including corners (15.1134ms)
✔ animation closes exactly and actually changes between phases (6.5998ms)
✔ PPSh drum end caps, rims and hub face along the actual bore (38.076ms)
✔ launcher bore aligns with a real top chamber, above the drum center (7.5061ms)
✔ HMG grasp surrounds the named handle with fingers, palm and opposing thumb and clears the shroud (279.0386ms)
✔ changing equipment restores the original hand, skin weights, mesh and triangle budget (114.4285ms)
✔ accepted shotgun and flamethrower retain geometry, materials and equipped carry (214.5971ms)
✔ model catalog covers every gameplay weapon with suitable contact semantics (44.7276ms)
✔ every carry meets actual weapon surfaces and skinned hand geometry; barrel mouths follow heading (453.9551ms)
✔ backpack and hose detach completely when switching to bare hands (55.551ms)
✔ isometric picking recovers tiles after zoom and pan on both diagonal axes (2.7736ms)
✔ workers and pigs stay off footprints and conveyors through all connected plans (367.571ms)
✔ walking routes go around buildings and cannot cross a conveyor wall (1.3331ms)
✔ farmhouse converts exactly five food deliveries into one ration, excluding alcohol (1.0923ms)
✔ ration outlet emits on its marked outside tile in all four rotations (13.1092ms)
✔ a hungry worker reaches the belt end, eats a parcel, and recovers productivity (1.1847ms)
✔ unreachable rations remain on the belt until a walking route opens (8.4417ms)
✔ building over an animal relocates it to open ground; removing its home removes it (0.7448ms)
✔ blocked ration outlet never stops farmhouse deliveries and preserves the ration share (8.1793ms)
✔ undo restores animal positions, hunger, ration inventory and meals together (67.3055ms)
ℹ tests 469
ℹ suites 0
ℹ pass 469
ℹ fail 0
ℹ cancelled 0
ℹ skipped 0
ℹ todo 0
ℹ duration_ms 24742.6875
