
> animal-factory-tactics-3d@0.4.0 check
> node --check dist/tactics/visibility.js && node --check dist/tactics/blocks.js && node --check dist/tactics/design-store.js && node --check dist/tactics/environment.js && node --check dist/tactics/environment-renderer.js && node --check dist/tactics/sector-rules.js && node --check dist/tactics/view.js && node --check dist/tactics/map-validation-worker.js && node --check dist/tactics/maps.js && node --check dist/tactics/world.js && node --check dist/tactics/editor-model.js && node --check dist/tactics/editor.js && node --check dist/tactics/app.js && node --check dist/tactics/engine.js && node --check dist/app.js && node --check dist/engine.js && node --check dist/renderer.js && node --check dist/people.js && node --check dist/isometric.js && node --test tests/*.test.mjs && node tools/check-assets.mjs

✔ bodies cover every animal uniform with independent transparent PNGs (11.8084ms)
✔ body rendering preserves location and facing without drawing equipment (0.5553ms)
✔ 29572: closed connected surfaces, scale and species landmarks survive reduction (530.8623ms)
✔ 29572: normalized rig, fixed feet, independent rifle grips and neutral restoration (358.8506ms)
✔ 9998: closed connected surfaces, scale and species landmarks survive reduction (137.8094ms)
✔ 9998: normalized rig, fixed feet, independent rifle grips and neutral restoration (120.7275ms)
✔ 10k variant is reduced from the stored 30k author, preserving every garment and head component (0.3038ms)
✔ finished explosive and flamethrower sprites suppress temporary equipment overlays (2.4375ms)
✔ every equipped weapon has artwork for the full cast, with a common ground baseline (1.7544ms)
✔ stance artwork covers every loadout and stays grounded while changing silhouette (1.4549ms)
✔ 29988: closed connected surfaces, scale and species landmarks survive reduction (355.5926ms)
✔ 29988: normalized rig, fixed feet, independent rifle grips and neutral restoration (371.6322ms)
✔ 10184: closed connected surfaces, scale and species landmarks survive reduction (77.517ms)
✔ 10184: normalized rig, fixed feet, independent rifle grips and neutral restoration (130.9749ms)
✔ 10k variant is reduced from the stored 30k author, preserving every garment and head component (0.3415ms)
✔ depots accept only rations at the marked input in every rotation and stockpile 32 (4.3978ms)
✔ workers prefer a reachable stocked depot and each consume exactly one reserved portion (7.3398ms)
✔ unreachable or empty depots preserve conveyor-end fallback (8.2663ms)
✔ deleting a targeted depot cancels the trip and undo restores its stock (4.4259ms)
✔ full depot backs up the return belt but never blocks bread deliveries (438.3583ms)
✔ starter food chains deliver to depots and workers eat outside their footprints (238.4084ms)
✔ 29850: closed connected surfaces, scale and species landmarks survive reduction (469.9491ms)
✔ 29850: normalized rig, fixed feet, independent rifle grips and neutral restoration (372.1003ms)
✔ 10446: closed connected surfaces, scale and species landmarks survive reduction (112.6357ms)
✔ 10446: normalized rig, fixed feet, independent rifle grips and neutral restoration (170.2917ms)
✔ 10k variant is reduced from the stored 30k author, preserving every garment and head component (0.3731ms)
✔ donkey 28898: closed connected surfaces and species landmarks (523.808ms)
✔ donkey 28898: rig weights, stable feet and rifle contact (393.56ms)
✔ donkey 10110: closed connected surfaces and species landmarks (106.1773ms)
✔ donkey 10110: rig weights, stable feet and rifle contact (92.4911ms)
✔ donkey reduction preserves all author components (0.4533ms)
✔ neck separates jaw from scarf while preserving the skull size and paint registration (272.2036ms)
✔ connected wheat → flour → bread line delivers to farmhouse (70.0883ms)
✔ disconnected output backs up with bounded inventory (15.7362ms)
✔ only the marked input accepts the correct product and direction (0.5015ms)
✔ straight lines snap to dominant axis and reverse travel with drag (2.9627ms)
✔ 3 × 3 footprints and entire lines reject collisions atomically (0.4334ms)
✔ rotated buildings use corresponding side ports (2.9549ms)
✔ conveyors turn corners without destroying parcels (0.4597ms)
✔ restoring an undo snapshot restores layout and inventory (44.3483ms)
✔ two incoming belts cannot duplicate or overwrite cargo at a merge (0.4368ms)
✔ fruit goes through pressing, fermentation and bottling before delivery (114.0416ms)
✔ grain, dairy and sugar branches converge into delivered cakes (212.0598ms)
✔ cake recipe waits for all three ingredients without consuming the others (11.0306ms)
✔ all three ingredient ports rotate and reject wrong goods (0.9126ms)
✔ one full ingredient buffer cannot occupy another ingredient buffer (0.361ms)
✔ connecting an example does not overwrite a moved or rotated layout (0.3045ms)
✔ complete model catalog renders finite geometry without mutating collision or map data (67.3663ms)
✔ rectangular props rotate their complete model around the saved footprint and preserve upper elevation (1.2103ms)
✔ model primitives have finite triangle surfaces and unit extents, including a continuous roof slope (3.8166ms)
✔ all boundary and ground types retain support and windows retain their opening (1.0708ms)
✔ 29586: closed connected surfaces, scale and species landmarks survive reduction (725.0929ms)
✔ 29586: normalized rig, fixed feet, independent rifle grips and neutral restoration (371.3633ms)
✔ 9994: closed connected surfaces, scale and species landmarks survive reduction (88.8476ms)
✔ 9994: normalized rig, fixed feet, independent rifle grips and neutral restoration (103.0644ms)
✔ 10k variant is reduced from the stored 30k author, preserving every garment and head component (0.3628ms)
✔ 29952: closed connected bird and garment surfaces within budget (144.9523ms)
✔ 29952: wing articulation preserves feet, body and neutral restoration (114.6302ms)
✔ 10348: closed connected bird and garment surfaces within budget (75.7154ms)
✔ 10348: wing articulation preserves feet, body and neutral restoration (18.5073ms)
✔ hen reduction derives from author and retains all species components (0.5096ms)
✔ hen four-view paint frame contains wings, comb, toes and tail (71.1973ms)
✔ grey sculpt has connected closed surfaces, finite normals and grounded prototype height (23646.1065ms)
✔ horse-light-data.json: closed and connected within triangle budget (83.9461ms)
✔ horse-light-data.json: weighted neutral mesh reproduces the stored form and every skin weight is valid (445.5625ms)
✔ horse-light-data.json: carry deforms actual arms, keeps feet planted and puts hand geometry around independent rifle grips (332.9417ms)
✔ horse-10k-data.json: closed and connected within triangle budget (16.4522ms)
✔ horse-10k-data.json: weighted neutral mesh reproduces the stored form and every skin weight is valid (56.9796ms)
✔ horse-10k-data.json: carry deforms actual arms, keeps feet planted and puts hand geometry around independent rifle grips (72.2537ms)
✔ paint projection matches actual reference cameras at every cardinal view (29.5561ms)
✔ paint validity removes connected neutral background, preserving enclosed grey paint (4.2306ms)
✔ catalog silhouettes are finite, distinguish open containers and retain structure openings (996.1872ms)
✔ campaign travel and return retain hybrid geometry and persistent squad state (9349.5306ms)
✔ real engine movement opens shared geometry; rendered observer cannot change replay (1114.4209ms)
✔ standing, kneeling and facing-aware prone volumes participate in nearest friendly fire (72.0819ms)
✔ window geometry deliberately differs from legacy and sight uses actual aimed regions (85.3807ms)
✔ upper floors, stair holes, door updates and destruction invalidate the shared world (282.1223ms)
✔ grenades retain a swept parabola, roofs intercept arcs, and scatter stays seeded (97.2122ms)
✔ roof underside blast leaves the impact face and still shields actors above it (129.6351ms)
✔ requested aim cannot override a nearer physical region and pellets aim at prone head XY (88.9714ms)
✔ nearest-direction bound covers angular midpoints and has the corrected denominator (1.2707ms)
✔ sector selection rejects unsupported headings and chooses both sides of each boundary (0.5044ms)
✔ candidate cards preserve all pixel distances and fixed guide anchors without muzzle fitting (1.8682ms)
✔ manual landmark uncertainty prevents false passes and all measured tips remain in their crop (39.8916ms)
✔ door and window openings pass rays while solid wall and sill block them (1.5645ms)
✔ vertical rays hit the optional roof and intersection chooses the nearest surface (0.3015ms)
✔ actual low-poly barrel cap and axis follow physical muzzle through continuous headings and floors (192.843ms)
✔ pose rig preserves limb lengths and actual gloves intersect the rifle contact volumes (38.8531ms)
✔ relaxed carry lowers elbows while retaining hand contact and upright bounds (29.5367ms)
✔ animated poses retain limb lengths, ground clearance and planted walking contacts (738.391ms)
✔ discharge uses physical muzzle before recoil and timestamp evaluation is repeatable (26.1999ms)
✔ brick density follows world distances across tall, short and neighboring faces (19.4844ms)
✔ painted room material keeps four brick widths and ten courses per repeat (0.2696ms)
✔ shared slab sides are culled while perimeter and stair-hole edges remain (1.8491ms)
✔ rigid art preview preserves distances and ground anchor without heading-dependent deformation (1.4078ms)
✔ opaque sprite bounds calibrate all stances and prone long axis follows eight headings (163.0907ms)
✔ measured painted muzzle maps to actual firing origin across all calibration poses (197.4144ms)
✔ canonical fixture validates and round-trips unknown metadata without mutation (170.4034ms)
✔ prototype dimensions, upper floor and 2:1 diamond use one axis conversion (0.6788ms)
✔ door transaction, window boundaries, lintel and roof hit actual shared surfaces (129.9525ms)
✔ unsupported content has explicit diagnostics and stair opening is preserved (74.2382ms)
✔ negative boundary edges and diagonal chunk traversal agree with brute force (109.6658ms)
✔ upper floor and rotated cover use map coordinates; IDs independent of prop order (42.854ms)
✔ loot artwork follows remaining inventory and never leaves ghost guns after pickup (2.9903ms)
✔ dead firearm users show their equipped gun and only nonempty matching ammo (0.4916ms)
✔ fallen guards remain drawable after refresh removes live detection, respecting floor and exploration (281.3723ms)
✔ drop rendering skips pending images and scales the ground layout with camera zoom (0.6494ms)
✔ all 48 cargo combinations fit their declared tile footprint and stay grounded (449.3749ms)
✔ horizontal drum piles have two aligned supporting drums; vertical stacks have full supporting lids (8.7958ms)
✔ switching forms reuses library resources and rejects mismatched skins (211.7435ms)
✔ softened parts retain finite surfaces and intended depth at small and structural sizes (22.6772ms)
✔ painted doorway retains a clear one-tile opening and horse asset is not part of scenery (158.0166ms)
✔ 29996: closed connected surfaces, scale and species landmarks survive reduction (503.1622ms)
✔ 29996: normalized rig, fixed feet, independent rifle grips and neutral restoration (521.8571ms)
✔ 9998: closed connected surfaces, scale and species landmarks survive reduction (151.0413ms)
✔ 9998: normalized rig, fixed feet, independent rifle grips and neutral restoration (160.5191ms)
✔ 10k variant is reduced from the stored 30k author, preserving every garment and head component (0.535ms)
✔ paint frame matches its four cameras and contains ears, belly and body (54.2837ms)
✔ 29978: closed connected surfaces, scale and species landmarks survive reduction (574.0422ms)
✔ 29978: normalized rig, fixed feet, independent rifle grips and neutral restoration (362.3956ms)
✔ 9988: closed connected surfaces, scale and species landmarks survive reduction (144.6539ms)
✔ 9988: normalized rig, fixed feet, independent rifle grips and neutral restoration (109.6185ms)
✔ 10k variant is reduced from the stored 30k author, preserving every garment and head component (0.4776ms)
✔ paint frame matches its four cameras and contains cap, ears and body (29.1995ms)
✔ foreman author: corrected body preserves head, registered paint and unit normals (355.7944ms)
✔ foreman 10k: corrected body preserves head, registered paint and unit normals (105.352ms)
✔ director author: corrected body preserves head, registered paint and unit normals (372.9892ms)
✔ director 10k: corrected body preserves head, registered paint and unit normals (126.5379ms)
✔ 29972: closed connected surfaces, scale and species landmarks survive reduction (511.8543ms)
✔ 29972: normalized rig, fixed feet, independent rifle grips and neutral restoration (389.5147ms)
✔ 10156: closed connected surfaces, scale and species landmarks survive reduction (167.1542ms)
✔ 10156: normalized rig, fixed feet, independent rifle grips and neutral restoration (118.859ms)
✔ 10k variant is reduced from the stored 30k author, preserving every garment and head component (0.7342ms)
✔ Red Hats have every armed stance with valid transparent frames and a shared baseline (2050.1554ms)
✔ all compatible bank edges match RGBA, including unconnected land edges (45.1141ms)
✔ banks remain land at closed edges, transparent at connected openings (0.707ms)
✔ river banks retain open centers in isolated pools and open water under bridges (5.0288ms)
✔ adjacent water quadrants agree on shared edge corners across surrounding terrain (23.7154ms)
✔ 30756: closed connected surfaces, scale and species landmarks survive reduction (467.4319ms)
✔ 30756: normalized rig, fixed feet, independent rifle grips and neutral restoration (552.1931ms)
✔ 10476: closed connected surfaces, scale and species landmarks survive reduction (101.7312ms)
✔ 10476: normalized rig, fixed feet, independent rifle grips and neutral restoration (134.1598ms)
✔ 10k variant is reduced from the stored 30k author, preserving every garment and head component (2.0889ms)
✔ scarf ends have outward-facing volume and clear the actual shirt and vest in both meshes (176.9195ms)
✔ all compatible corner tile boundaries match across every variant (86.0978ms)
✔ variants change interiors while preserving midpoint crossings (1.022ms)
✔ skunk has all 30 outfit, weapon and stance combinations (428.714ms)
✔ skunk guards survive map validation and game creation with every weapon (98.4611ms)
✔ 29934: closed connected surfaces, scale and species landmarks survive reduction (677.7005ms)
✔ 29934: normalized rig, fixed feet, independent rifle grips and neutral restoration (411.6498ms)
✔ 9998: closed connected surfaces, scale and species landmarks survive reduction (159.531ms)
✔ 9998: normalized rig, fixed feet, independent rifle grips and neutral restoration (107.3228ms)
✔ 10k variant is reduced from the stored 30k author, preserving every garment and head component (0.4307ms)
✔ wide paint frame matches its four cameras and contains the complete tail and body (59.2253ms)
✔ a pistol shot alerts guards within twenty-four tiles and only makes those beyond suspicious (476.1246ms)
✔ a rifle shot carries forty-eight tiles (408.2861ms)
✔ a guard firing alerts its colleagues too, and an already alert guard keeps its own fix (230.7875ms)
✔ melee makes no report (237.1841ms)
✔ block JSON roundtrip preserves all three levels and terrain geometry without squad markers (39.176ms)
✔ place block into sector10,10 transforms edges and climbs and is undoable (835.3269ms)
✔ block placement rejects obstructed squad starts atomically (77.1468ms)
✔ sector capture rejects crossing props and roof links (1.6871ms)
✔ block import rejects malformed bounds and unknown content (56.975ms)
✔ replacing a sector removes old content on all levels but keeps neighboring designs (144.41ms)
✔ block import rejects falsy floor values and aliased edges (49.0504ms)
✔ defeat captures stabilized mercs and kills every bleeding merc immediately (308.3352ms)
✔ captured mercs are not corpses or XP recipients and never auto-revive (168.7238ms)
✔ shared clock advances from real elapsed time, pauses without catch-up, and rolls over days (271.2004ms)
✔ production is independent of frame size and begins only after liberation (856.5345ms)
✔ rest advances the same clock, heals living troops to their cap, refills AP and produces income (196.858ms)
✔ training grants existing progression rewards without healing or training captured troops (197.1853ms)
✔ unsafe, queued and invalid downtime takes no time or money and grants no rewards (309.298ms)
✔ travel advances the campaign clock exactly one hour and keeps training results (1443.6663ms)
✔ all five connection types preserve metadata through block and map JSON (602.1201ms)
✔ one element per direction rejects multiple roads and compound features (31.4214ms)
✔ adjacent roads match exact widths and reject atomically; later painting invalidates rules (86.3299ms)
✔ cliffs match height and side and fences match materials (194.4692ms)
✔ seeded generation produces 100 matched road blocks with valid starts and deterministic output (374.5489ms)
✔ unsatisfiable and overpopulated libraries fail without touching source blocks (82.6016ms)
✔ user checkpoint matches the four intended directions (16.0797ms)
✔ road and river openings reject barriers at the seam (3.6359ms)
✔ flat elevation and explicit seam conflicts cannot silently match (217.3131ms)
✔ movement cost reflects free exploration, combat budget and unavailable routes (241.7122ms)
✔ attack labels retain weapon cost when ammunition or AP prevents shooting (292.1778ms)
✔ ground, friendly selection and detected enemy targeting match their cursors (210.2064ms)
✔ bolt cutter action requires held cutters, reachable known wire fence, and enough AP (276.4229ms)
✔ fence picking uses its raised visible face, selected floor and adjacent edge (153.7214ms)
✔ hand interactions respect loot visibility, adjacency and blocking edges (166.5527ms)
✔ all four diagonals use3/6/12AP for standing kneeling prone (2630.7907ms)
✔ every corner edge and either obstructed flank blocks a diagonal in both directions (4.9029ms)
✔ living flank occupants block diagonals and queued movement rechecks late blockers (228.5425ms)
✔ diagonal upper movement needs support in both flank tiles and destination (1.5305ms)
✔ mixed cardinal and diagonal path uses optimal octile distance (152.8671ms)
✔ melee guard can strike from diagonal adjacency (174.7782ms)
✔ Easy automatic stabilization waits for encounter clear and restores 5 HP (239.3925ms)
✔ Standard grants six squad turns and whole-squad incapacitation still loses on Easy (326.6801ms)
✔ difficulty follows the campaign to new local maps (398.6852ms)
✔ factory income depends on shortest route from fixed start; yards and unreachable factories earn nothing (438.5375ms)
✔ successful travel advances an hour of factory production; rejected travel takes no time (2413.3322ms)
✔ rectangles include both corners, reverse, shrink and clamp to workspace (3.3255ms)
✔ wall lines lock starting axis and preserve outer boundary and elevation (0.5429ms)
✔ roof rectangle and wall line each form one reversible saved-map change (135.2236ms)
✔ a multi-tile paint stroke undoes and redoes as one operation (48.7988ms)
✔ walls and doors replace shared edges without changing terrain; erasure undoes (109.9002ms)
✔ starts and travel marker are protected from crates and overlapping actors (13.1455ms)
✔ guards cap at 46; editing and deleting a guard preserves valid schema (970.9117ms)
✔ room footprints fit bounds, can rotate, and create open door edges (5.2184ms)
✔ replace/import is undoable, malformed import cannot alter the working map (53.8503ms)
✔ disconnected drafts roundtrip for repair but cannot become playable definitions (68.7177ms)
✔ upper roofs create support and erased tiles and legacy crates can be restored with undo (53.0415ms)
✔ prop placement checks whole footprint and cached lookups follow placement/erase/undo (119.3491ms)
✔ rotated props fit 1x2 and reject walls, unsupported floors and protected starts (163.4017ms)
✔ all new brush data survives a portable JSON roundtrip (60.3848ms)
✔ later wall edits cannot bisect a two-cell prop (37.5929ms)
✔ clear landscape reaches75 while character detection stops at60, with current terrain caches (692.5458ms)
✔ unknown obstacle variants produce identical initial routes and reveal no endpoint validity (1001.4449ms)
✔ navigation reaches unknown destination and reroutes around newly revealed obstacles (9840.2089ms)
✔ newly revealed blocked destination stops without claiming arrival (603.9549ms)
✔ spotting a distant guard stops movement without automatically alerting him (913.364ms)
✔ long combat orders move only affordable steps and never resume next turn (679.5007ms)
✔ terrain caches invalidate on walls and agree with exact LOS through window openings (611.1455ms)
✔ rockets collide with the first wall or body; grenades arc over a low wall (309.598ms)
✔ arcs hit ceilings and solid upper floors instead of teleporting through them (202.6975ms)
✔ blasts breach wall edges and props, invalidate prop caches, and open navigation (169.3804ms)
✔ blast damage falls with 3D distance and intact floors shield other levels (207.037ms)
✔ beyond effective range has severe scatter, elevation extends launcher reach, and throws are bounded (260.2652ms)
✔ terrain firing consumes AP and ammunition once, causes strain, and awards kill relief (234.3955ms)
✔ blast friendly fire damages survivors and records their reaction, without body-zone bonuses (318.8114ms)
✔ a grenade aimed over a missing upper floor falls until it hits physical ground (158.153ms)
✔ surviving walls block blast damage and near misses do not erase distant scenery (214.7271ms)
✔ self damage is possible, and invalid terrain shots never spend resources (156.1208ms)
✔ feature lines run the whole grid and crossings require exact ports (2.0519ms)
✔ planned map fills the road/fence crossing, keeps all offsets and roundtrips (843.3872ms)
✔ missing crossing reports exact sector and cannot mutate the plan or library (139.3684ms)
✔ seeded lines deterministic and malformed plans rejected (96.908ms)
✔ a straight fence cannot drift between its north and south edges (96.0248ms)
✔ the nozzle table covers every flamethrower sprite and matches a fresh measurement of the PNGs (372.4764ms)
✔ nozzle measurement finds the muzzle face and barrel axis, ignoring a flared tip (1.4645ms)
✔ nozzle offsets repeat the renderer sprite placement for both facings and the vector overlay (1.3597ms)
✔ attack effects play back to back, flame bursts take their own time, and bullets keep the old rule (1.1432ms)
✔ a burst draws finite, outlined, single-winding shapes for every outcome, facing and moment (9560.9988ms)
✔ bursts are deterministic for a seed and differ between seeds (9.0096ms)
✔ pose helpers stay still outside their windows and a burned body is held until the flame lands (0.8067ms)
✔ a miss lands on the floor beside the target, short of it, on a side chosen by the seed (0.3165ms)
✔ tank detonation thresholds are per successful hit: torso 25%, weapon 90% (1504.1421ms)
✔ misses, head/leg hits, empty tanks and absent tanks never detonate (919.5506ms)
✔ explosion kills wearer and adjacent allies permanently, ignites through radius five, and respects floors (419.9514ms)
✔ burning units cannot act, flee on three turns, then recover even after combat ends (549.8235ms)
✔ short-range flame hits are lethal for either team and survivors panic (1056.507ms)
✔ flamethrower supports inventory size, fuel reload and editor roundtrip (282.8105ms)
✔ fire keeps turn mode alive after the final guard dies and expires after three rounds (495.6828ms)
✔ walking into fire cancels the route and ignition during an enemy turn still lasts three panic turns (721.8297ms)
✔ attack events name the shooter and target and list every unit the shot put down (1231.6742ms)
✔ rifles need adjoining cells in one row, and items can be manually positioned (245.6779ms)
✔ two large weapons fit ready slots and swap free even with zero AP (260.4689ms)
✔ fragmented space rejects a rifle without mutations; existing ammo stack fits full bag (101.7481ms)
✔ four characters advance in a single tick and retain offsets at destination (2001.6978ms)
✔ group stop cancels every route and combat spends each members movement AP (952.4914ms)
✔ blocked formation slots use distinct nearby destinations without overlaps (1681.4438ms)
✔ aimed torso retains existing shot while head trades accuracy for damage (117.6857ms)
✔ one-tile formation movement uses teammates vacated cells (524.2949ms)
✔ prone observer cannot see over nearby low cover; standing restores detection and terrain immediately (663.0011ms)
✔ window sill hides legs while head and torso remain exposed; hidden aim never spends resources (209.7414ms)
✔ stance changes alter the target body heights; prone targets disappear behind a sill (191.3538ms)
✔ shared sight does not unlock a body part hidden from the selected shooter (282.5705ms)
✔ solid floors block vertical sight for all stances and targeted zones (197.9785ms)
✔ enemy chooses an exposed head rather than firing at a hidden torso (308.8181ms)
✔ destroying low cover invalidates fog and exposes a target to a prone observer (318.3038ms)
✔ cutters must occupy held slot 0 to open adjacent wire fence (508.616ms)
✔ cutters must occupy held slot 1 to open adjacent wire fence (305.5068ms)
✔ combat equip costs 3 AP, cutting costs 4 AP, and replacing cutters returns them to the bag (258.4459ms)
✔ equipping and stowing cutters reject full backpack without losing equipment (145.4148ms)
✔ equipped swaps are free at zero AP; unavailable weapons cannot be conjured (270.2292ms)
✔ partial reload consumes finite compatible rounds and cannot create ammunition (170.9752ms)
✔ drop, pickup and teammate transfer preserve loaded weapon and reject duplicate or full grid atomically (125.3857ms)
✔ active layers retain full contrast and other layers fade with distance (2.1685ms)
✔ compositor isolates sprite alpha, clears each layer and uses backing resolution (0.7359ms)
✔ walls live on shared edges, never occupy either neighboring tile (213.9915ms)
✔ door edges permit passage and sight in both directions (198.4379ms)
✔ diagonal sight cannot leak through a wall endpoint and is reciprocal (167.1855ms)
✔ movement rechecks barriers instead of trusting queued path (514.3994ms)
✔ map schema rejects malformed maps and unreachable starts, roundtrips good data (104.2118ms)
✔ generated layouts are deterministic, connected and have four starts / 46 guards (13610.3799ms)
✔ wall picking selects the same shared barrier from either tile (0.3981ms)
✔ lethal guard damage incapacitates squad for six treatment turns (161.5767ms)
✔ bleeding lasts five ends and expires on the sixth, even after last guard dies (240.2107ms)
✔ medical skill changes AP cost and stabilization consumes one medkit exactly once (172.2536ms)
✔ treatment rejects walls, other levels, range and insufficient AP without consuming supplies (29.0017ms)
✔ cutters make one adjacent chainlink edge passable, charge once, and reject railings (185.1686ms)
✔ walkable bush and parapet cover protects occupants while reeds and metal roofs do not (230.5297ms)
✔ roof modules remain walkable on upper floors and reject walls through any interior edge (666.9064ms)
✔ builder guard outfits survive export and use armed and prone Red Hats art in game (82.4613ms)
✔ every new prop can be placed, exported, reloaded and used by game collision in both orientations (101.5788ms)
✔ jail barriers block movement but allow sight, and cut fence allows crossing (0.9673ms)
✔ a shorter reservation holds ammunition until enemy enters its radius (346.2321ms)
✔ invalid ranges spend no AP; weapon changes clamp saved distance (296.5476ms)
✔ overlay shades walls darker, opens door lanes, respects facing and distance (194.3072ms)
✔ the tactics Pages build lists every local module and page its listed files reference (273.4167ms)
✔ cone boundaries wrap and do not reveal rear targets (1.2937ms)
✔ turning invalidates terrain visibility, preserves memory, without spending AP (547.328ms)
✔ shared sight cannot fire outside personal cone or through a wall (293.4156ms)
✔ incoming shot gives a rear-facing guard a response (291.0332ms)
✔ mercs have separate authored voices, relationships and persistent personal memories (341.9919ms)
✔ landed replies form a finite chain, spend loaded rounds and no AP, and do not reload (378.6598ms)
✔ an unarmed or empty recipient quips and cannot get a free weapon switch (483.3652ms)
✔ retaliation interrupts a burst and stops its remaining rounds if the shooter falls (190.4628ms)
✔ incapacitated recipients cannot reply (181.1043ms)
✔ burning recipients cannot retaliate and missed replies do not cause another reaction (551.6728ms)
✔ history and distrust increase retaliation; medical help rebuilds trust; rest preserves grudges (125.3765ms)
✔ shared XP grants three points every100XP; training atomically spends and never refills health/AP (268.2037ms)
✔ species traits remain separate and derived stats are idempotent (179.2273ms)
✔ one guard death awards XP once and friendly attacks cannot farm it (264.214ms)
✔ skill caps, medical cap and campaign transfer preserve progression (493.3167ms)
✔ accurate shots strike the nearest unit regardless of team, including allies beside the muzzle (4.7578ms)
✔ missed rounds can hit a diagonally adjacent ally and never hit a unit behind the shooter (1.0292ms)
✔ a near miss continues past the intended target and can hit someone behind it (2.7729ms)
✔ walls and exact corner joins stop rays before units; open doors and chainlink pass rounds (1.4267ms)
✔ low cover, window frames, stance height and upper floors participate in actual collision (2.8203ms)
✔ bullets stop at ground and map bounds without leaving the playable map (0.6902ms)
✔ a real burst charges once, traces each round, damages the blocking ally and preserves target health (389.1746ms)
✔ incidental torso hits can detonate a friendly flamethrower and cancel remaining burst shots (210.8542ms)
✔ scatter is reproducible and enemies can hit other guards (667.1575ms)
✔ every agreed range is executable at its boundary and rejected just past it (2635.2588ms)
✔ range-normalized accuracy preserves long-range rifles and weak pistols (917.9204ms)
✔ flame damage falls with distance while close hits remain lethal (250.216ms)
✔ one shotgun shell produces six collision paths but charges AP and ammunition once (212.5354ms)
✔ shotgun concentration falls at range, with missed pellets colliding with nearby allies (15175.9086ms)
✔ sniper guards can pay for an eight-AP shot and new loadouts survive editor parsing (91.1526ms)
✔ automatic weapons fire physical three-round bursts and reject insufficient ammunition (251.998ms)
✔ SMG rounds and buckshot pellets share pistol damage and penetration class (127.2772ms)
✔ new automatic weapons survive editor serialization and have Factory supplies (302.1061ms)
✔ overwatch reserves AP once and fires only one round without double charge (310.0723ms)
✔ free weapon swap or turn cancels reserved reaction without refund (443.4353ms)
✔ overwatch respects cone, walls and empty ammunition (262.6593ms)
✔ stealth lowers detection distance and adds movement AP (271.7366ms)
✔ unseen noise is approximate and investigation never reveals a target through walls (326.0679ms)
✔ formation orders cancel reservations and group footsteps create noise (394.3278ms)
✔ ordinary rest heals gradually over two days, independent of rest chunk size (758.4653ms)
✔ selected trained medic and one kit per wounded troop restore health in one day (146.191ms)
✔ short courses heal gradually and continue without consuming another medkit (203.0285ms)
✔ ordinary rest continues an existing medical course (150.4015ms)
✔ medical care rejects untrained, unavailable medics and insufficient kits atomically (562.9755ms)
✔ healthy, dead and captured troops consume no medical supplies and cannot be revived (161.1479ms)
✔ the overmap is a grid: links derive from tile positions and the far side of each edge is known (242.9929ms)
✔ leaving needs the ground-level border band on a side with a map beyond it, and one step of AP in combat (1345.8478ms)
✔ one crosser leaves the fight: off the map for guards and tiles, AP spent, comrades stay in combat (591.4761ms)
✔ the last standing member crossing moves the squad: crossers land on the far border at their row, the clock advances an hour (790.8028ms)
✔ downed comrades left behind meet the defeat rule: stabilized are captured, bleeding die (1106.136ms)
✔ a fight lost after a comrade crossed is not a wipe: the crosser arrives, the fallen are recorded, the run continues (987.6281ms)
✔ crossers commit the squad to one destination; the travel marker follows them and merges arrivals (715.3165ms)
✔ crossing into a generated map with water or void on its edge still lands on walkable ground near the entry row (1377.1906ms)
✔ a crosser has no body: a guard firing along the row it left hits the comrade behind it, never the crosser (690.6758ms)
✔ a crosser has no body for a blast either (482.9402ms)
✔ a waiting crosser can come back across the edge onto the tile it left, for a step of AP in combat, unless it is blocked (585.6885ms)
✔ rest and training wait for the squad to regroup (358.9228ms)
✔ crossing mid-turn does not refill the turn: a squad that crossed with 10 AP into a live contact keeps 10, and crossing clears overwatch (847.2216ms)
✔ a map left mid-fight is re-entered as a fresh contact, not a frozen turn: guards stay alert, the round advances, AP is full (851.2114ms)
✔ a map lost after a crossing can be re-entered: the fallen stay fallen, the record moves to the world, the survivor can act (660.7464ms)
✔ a retreat from the yard westward resolves to the factory, not to a hard-coded neighbour (663.5228ms)
✔ a comrade waiting beyond the edge gets the new round like everyone else, so a return is charged from a fresh turn (632.7565ms)
✔ a return is a step: it walks into a fire on the tile and makes a footstep (318.6398ms)
✔ abandoned comrades are written to the run record once, and a second loss on the same map lists only what it cost (647.3369ms)
✔ marked roof climbs traverse exactly one adjacent level for6AP in either direction (449.9768ms)
✔ roof geometry rejects missing support, blocked upper edge, blocked headroom and multi-level records (97.2827ms)
✔ roof editor creation, endpoint protection, roundtrip and erase undo remain consistent (107.6274ms)
✔ queued climb stops if its upper edge is blocked before execution (2972.1006ms)
✔ two-level uphill range costs2tiles, downhill has no vertical distance tax, melee unchanged (135.5104ms)
✔ guard roof approach cost includes standing movement (2964.8542ms)
✔ enemy AI spends6AP to climb toward a remembered rooftop target (169.964ms)
✔ ladders cost3AP, stairs2AP and old connections remain stairs (275.7773ms)
✔ fences block crossing but not sight or cover, walls block both (175.1239ms)
✔ two-tile props occupy both cells, tall crates occlude and pallets stay walkable (196.7096ms)
✔ uphill adds range distance while downhill retains normal reach and solid floors (136.7291ms)
✔ seeded river sectors match sockets and make exactly two bridges in either orientation (11538.4944ms)
✔ river rules reject a missing bridge deck, blocked road or incompatible sector (31.9225ms)
✔ queued vertical movement uses the current ladder AP cost (352.3273ms)
✔ downhill spotting uses the same60tile character cap (103.6267ms)
✔ bridge-sector approach cells must stay walkable, not only the water crossing (33.6791ms)
✔ 240-square maps support 50 actors and reject actor 51 (1855.2066ms)
✔ stairs link three floors, cost 2 AP, and level occupancy is independent (1089.7149ms)
✔ queued stair movement rechecks removed connections (2967.8437ms)
✔ solid floors stop vertical fire; stair openings allow it without imaginary cover (116.9807ms)
✔ sight can pass a platform edge in both directions (113.9228ms)
✔ upper-floor brushes and stairs undo together without touching ground (20.9293ms)
✔ version-one 28x24 drafts retain all contents in the expanded ground floor (36.7664ms)
✔ a dead distant arrival start does not reveal terrain or alert guards (727.5083ms)
✔ travel gathers characters on the marker floor, not just matching XY (123.6712ms)
✔ large-map routes stay legal and a full 50-character enemy phase terminates (5676.6654ms)
✔ every roster species has a sight entry with bino <= field <= 360 and a usable fall-off (2.5254ms)
✔ identification range is non-increasing in bearing, full inside the binocular core and zero beyond the field (5.4157ms)
✔ identification never exceeds detection at any bearing, and detection saturates inside the field (19.8703ms)
✔ a wider field with the same other parameters sees a superset of bearings (1.6039ms)
✔ a flat cone without a species keeps the old rule: full range inside, nothing outside (0.4053ms)
✔ a still guard in the periphery beyond the identify lobe is unseen; a moving one is glimpsed, not identified (586.828ms)
✔ a guard that glimpses a moving worker gains approximate suspicion, not alert; identification alerts it (662.8614ms)
✔ neither a glimpse nor identification passes a wall (412.6904ms)
✔ terrain reveal follows the species field, not a flat 120 degree cone (262.0715ms)
✔ a firing unit counts as moving for the next refresh (284.5669ms)
✔ an attack from the blind notch spins the victim toward the attacker, so it can answer (484.8279ms)
✔ scavenging seeks known compatible ammo instead of abandoning the rifle (517.5028ms)
✔ loaded HMG is collected, equipped, and paid for with normal inventory AP (393.7842ms)
✔ empty duplicate can be exchanged for a loaded drop without creating ammunition (249.104ms)
✔ empty guns, unseen drops, and incompatible ammunition are not scavenging goals (192.7938ms)
✔ fence orders equip real cutters and spend the normal cutting AP (354.5769ms)
✔ overwatch orders reserve AP without consuming ammunition and lure orders walk normally (392.0591ms)
✔ sneak orders use the actual stealth toggle and respect unavailable actors (252.3836ms)
✔ normal squad behavior picks up an adjacent HMG before advancing (181.0698ms)
✔ all six direct stance transitions cost exactly2AP; repeat/invalid/insufficient changes do nothing (5618.3654ms)
✔ standing kneeling and prone routes debit2/4/8AP per tile and reject over-budget routes (1224.9313ms)
✔ movement locks stance changes and rechecks live stance cost before a queued step (346.9002ms)
✔ stance controls reject enemy turns and fallen characters; exploration stays free (427.0632ms)
✔ climbing requires standing and preserves the established vertical AP cost (1409.9288ms)
✔ enemy standing movement spends2AP per tile (369.2226ms)
✔ stance survives AP refresh and local-map travel (701.6713ms)
✔ seeing a rear-facing guard does not alert him (199.4399ms)
✔ cover, sneaking and prone stance lower acquisition chance (98.5009ms)
✔ acquisition has both outcomes and no refresh or combat RNG rerolls (149.3578ms)
✔ woodland blocks distant contacts and terrain through intervening cells (288.7477ms)
✔ woodland diagonal lengths and partial endpoints use ray geometry (32.2358ms)
✔ woodland and guard facing survive map roundtrip and editor undo (129.6166ms)
✔ enemy bullets raise both meters by actual injury, and stress/fatigue stay bounded (380.204ms)
✔ only a kill relieves the shooter, and fatigue does not disappear with the kill (288.6542ms)
✔ normal and medical rest reduce both meters while training does not (669.6204ms)
✔ window aperture permits centered sight but blocks movement, sill and outer frame rays (204.3396ms)
✔ closed doors block sight but can be opened along a walking route (548.013ms)
✔ walking opens a closed door and updates sight and collision without altering the blueprint (845.1498ms)
✔ empty and cleared local maps remain walkable (461.2403ms)
✔ travel requires gathered living squad, adjacency, no queue and no combat (252.9149ms)
✔ world travel preserves squad HP/ammo and visited map enemies/discovery (1998.6295ms)
✔ clearing a map permits departure without reviving fallen squad or guards (793.1289ms)
✔ exact cast, player advantage, legal spawn and long-range initial contact (310.3714ms)
✔ all guards are reachable through factory doors (374.1286ms)
✔ BFS avoids occupied tiles and solid cover; invalid moves never spend AP (427.3875ms)
✔ movement consumes actual path AP and does not overlap (568.4384ms)
✔ walls and diagonal corners block sight, crates provide directional cover (236.0232ms)
✔ fog hides guard behind wall and remembers explored terrain (152.0963ms)
✔ contact interrupts real-time path; LOS break cannot reset AP (255.397ms)
✔ weapon identities, range, ammo persistence, equip and reload costs (300.4511ms)
✔ burst uses three rounds and 6 AP, rejects undersized magazine (278.0701ms)
✔ exploration opening attack enters combat and spends AP (253.6195ms)
✔ enemy phase locks player controls, terminates, and applies damage (927.3056ms)
✔ cleared encounters resume exploration; cleared maps allow movement and loss locks input (297.4023ms)
✔ same seed produces repeatable shots (446.5196ms)
✔ guard holds firing position when remaining AP cannot pay for another shot (181.6033ms)
✔ animation does not add brightness stripes to uniform water (64.3586ms)
✔ opposite water edges match throughout the loop, including corners (11.8494ms)
✔ animation closes exactly and actually changes between phases (8.4033ms)
✔ PPSh drum end caps, rims and hub face along the actual bore (49.8425ms)
✔ launcher bore aligns with a real top chamber, above the drum center (29.6066ms)
✔ HMG grasp surrounds the named handle with fingers, palm and opposing thumb and clears the shroud (314.6671ms)
✔ changing equipment restores the original hand, skin weights, mesh and triangle budget (201.5571ms)
✔ accepted shotgun and flamethrower retain geometry, materials and equipped carry (267.5221ms)
✔ model catalog covers every gameplay weapon with suitable contact semantics (62.6791ms)
✔ every carry meets actual weapon surfaces and skinned hand geometry; barrel mouths follow heading (640.5141ms)
✔ backpack and hose detach completely when switching to bare hands (95.4224ms)
✔ isometric picking recovers tiles after zoom and pan on both diagonal axes (2.4474ms)
✔ workers and pigs stay off footprints and conveyors through all connected plans (351.9982ms)
✔ walking routes go around buildings and cannot cross a conveyor wall (1.0448ms)
✔ farmhouse converts exactly five food deliveries into one ration, excluding alcohol (1.0884ms)
✔ ration outlet emits on its marked outside tile in all four rotations (0.8641ms)
✔ a hungry worker reaches the belt end, eats a parcel, and recovers productivity (2.5553ms)
✔ unreachable rations remain on the belt until a walking route opens (12.4696ms)
✔ building over an animal relocates it to open ground; removing its home removes it (0.7449ms)
✔ blocked ration outlet never stops farmhouse deliveries and preserves the ration share (6.3738ms)
✔ undo restores animal positions, hunger, ration inventory and meals together (48.9871ms)
ℹ tests 465
ℹ suites 0
ℹ pass 465
ℹ fail 0
ℹ cancelled 0
ℹ skipped 0
ℹ todo 0
ℹ duration_ms 27680.4021
Verified tactical assets: 36 armed character sprites, 90 stance sprites, base character frames and strips, environment assets, machines, and entrypoints.
