
> animal-factory-tactics-3d@0.4.0 check
> node --check dist/tactics/visibility.js && node --check dist/tactics/blocks.js && node --check dist/tactics/design-store.js && node --check dist/tactics/environment.js && node --check dist/tactics/environment-renderer.js && node --check dist/tactics/sector-rules.js && node --check dist/tactics/view.js && node --check dist/tactics/map-validation-worker.js && node --check dist/tactics/maps.js && node --check dist/tactics/world.js && node --check dist/tactics/editor-model.js && node --check dist/tactics/editor.js && node --check dist/tactics/app.js && node --check dist/tactics/engine.js && node --check dist/app.js && node --check dist/engine.js && node --check dist/renderer.js && node --check dist/people.js && node --check dist/isometric.js && node --test tests/*.test.mjs && node tools/check-assets.mjs

✔ bodies cover every animal uniform with independent transparent PNGs (12.1021ms)
✔ body rendering preserves location and facing without drawing equipment (0.5717ms)
✔ 29572: closed connected surfaces, scale and species landmarks survive reduction (492.1278ms)
✔ 29572: normalized rig, fixed feet, independent rifle grips and neutral restoration (380.3727ms)
✔ 9998: closed connected surfaces, scale and species landmarks survive reduction (80.2882ms)
✔ 9998: normalized rig, fixed feet, independent rifle grips and neutral restoration (125.9141ms)
✔ 10k variant is reduced from the stored 30k author, preserving every garment and head component (0.2933ms)
✔ six truck paint cameras share centered orthographic registration with distinct axes (2.617ms)
✔ truck author and reduced meshes retain finite indexed material ownership (14.3502ms)
✔ reduced truck vertices derive from the corresponding author surfaces (37.1585ms)
✔ truck stays grounded and keeps author silhouette at reduced budget (19.0832ms)
✔ finished explosive and flamethrower sprites suppress temporary equipment overlays (2.3927ms)
✔ every equipped weapon has artwork for the full cast, with a common ground baseline (1.7818ms)
✔ stance artwork covers every loadout and stays grounded while changing silhouette (1.7403ms)
✔ 29988: closed connected surfaces, scale and species landmarks survive reduction (514.2895ms)
✔ 29988: normalized rig, fixed feet, independent rifle grips and neutral restoration (327.598ms)
✔ 10184: closed connected surfaces, scale and species landmarks survive reduction (126.9293ms)
✔ 10184: normalized rig, fixed feet, independent rifle grips and neutral restoration (93.3087ms)
✔ 10k variant is reduced from the stored 30k author, preserving every garment and head component (0.2821ms)
✔ depots accept only rations at the marked input in every rotation and stockpile 32 (4.2499ms)
✔ workers prefer a reachable stocked depot and each consume exactly one reserved portion (10.8139ms)
✔ unreachable or empty depots preserve conveyor-end fallback (8.2795ms)
✔ deleting a targeted depot cancels the trip and undo restores its stock (3.9703ms)
✔ full depot backs up the return belt but never blocks bread deliveries (334.7956ms)
✔ starter food chains deliver to depots and workers eat outside their footprints (254.6535ms)
✔ 29850: closed connected surfaces, scale and species landmarks survive reduction (446.771ms)
✔ 29850: normalized rig, fixed feet, independent rifle grips and neutral restoration (396.1173ms)
✔ 10446: closed connected surfaces, scale and species landmarks survive reduction (169.7846ms)
✔ 10446: normalized rig, fixed feet, independent rifle grips and neutral restoration (64.6983ms)
✔ 10k variant is reduced from the stored 30k author, preserving every garment and head component (0.38ms)
✔ donkey 28898: closed connected surfaces and species landmarks (480.4707ms)
✔ donkey 28898: rig weights, stable feet and rifle contact (373.2943ms)
✔ donkey 10110: closed connected surfaces and species landmarks (119.0142ms)
✔ donkey 10110: rig weights, stable feet and rifle contact (79.0873ms)
✔ donkey reduction preserves all author components (0.4221ms)
✔ neck separates jaw from scarf while preserving the skull size and paint registration (257.7118ms)
✔ connected wheat → flour → bread line delivers to farmhouse (56.0829ms)
✔ disconnected output backs up with bounded inventory (19.2306ms)
✔ only the marked input accepts the correct product and direction (0.7861ms)
✔ straight lines snap to dominant axis and reverse travel with drag (3.9681ms)
✔ 3 × 3 footprints and entire lines reject collisions atomically (0.3867ms)
✔ rotated buildings use corresponding side ports (3.1011ms)
✔ conveyors turn corners without destroying parcels (0.3305ms)
✔ restoring an undo snapshot restores layout and inventory (17.8264ms)
✔ two incoming belts cannot duplicate or overwrite cargo at a merge (0.3165ms)
✔ fruit goes through pressing, fermentation and bottling before delivery (74.1666ms)
✔ grain, dairy and sugar branches converge into delivered cakes (201.1592ms)
✔ cake recipe waits for all three ingredients without consuming the others (3.4853ms)
✔ all three ingredient ports rotate and reject wrong goods (0.992ms)
✔ one full ingredient buffer cannot occupy another ingredient buffer (0.3481ms)
✔ connecting an example does not overwrite a moved or rotated layout (0.3743ms)
✔ complete model catalog renders finite geometry without mutating collision or map data (55.2442ms)
✔ rectangular props rotate their complete model around the saved footprint and preserve upper elevation (1.241ms)
✔ model primitives have finite triangle surfaces and unit extents, including a continuous roof slope (13.7608ms)
✔ all boundary and ground types retain support and windows retain their opening (1.5349ms)
✔ every environment catalog descriptor resolves an explicit painted surface (27.022ms)
✔ painted terrain meets at tile boundaries while architecture detailing preserves collision data (0.4666ms)
✔ 29586: closed connected surfaces, scale and species landmarks survive reduction (577.5947ms)
✔ 29586: normalized rig, fixed feet, independent rifle grips and neutral restoration (401.3308ms)
✔ 9994: closed connected surfaces, scale and species landmarks survive reduction (57.3005ms)
✔ 9994: normalized rig, fixed feet, independent rifle grips and neutral restoration (131.4139ms)
✔ 10k variant is reduced from the stored 30k author, preserving every garment and head component (0.6866ms)
✔ 29952: closed connected bird and garment surfaces within budget (228.2185ms)
✔ 29952: wing articulation preserves feet, body and neutral restoration (101.9817ms)
✔ 10348: closed connected bird and garment surfaces within budget (23.2856ms)
✔ 10348: wing articulation preserves feet, body and neutral restoration (45.3754ms)
✔ hen reduction derives from author and retains all species components (0.3117ms)
✔ hen four-view paint frame contains wings, comb, toes and tail (59.7455ms)
✔ grey sculpt has connected closed surfaces, finite normals and grounded prototype height (22959.0829ms)
✔ horse-light-data.json: closed and connected within triangle budget (92.4321ms)
✔ horse-light-data.json: weighted neutral mesh reproduces the stored form and every skin weight is valid (402.5828ms)
✔ horse-light-data.json: carry deforms actual arms, keeps feet planted and puts hand geometry around independent rifle grips (263.9042ms)
✔ horse-10k-data.json: closed and connected within triangle budget (13.504ms)
✔ horse-10k-data.json: weighted neutral mesh reproduces the stored form and every skin weight is valid (77.841ms)
✔ horse-10k-data.json: carry deforms actual arms, keeps feet planted and puts hand geometry around independent rifle grips (56.2914ms)
✔ paint projection matches actual reference cameras at every cardinal view (2.8241ms)
✔ paint validity removes connected neutral background, preserving enclosed grey paint (1.7921ms)
✔ catalog silhouettes are finite, distinguish open containers and retain structure openings (809.578ms)
✔ campaign travel and return retain hybrid geometry and persistent squad state (8787.0799ms)
✔ real engine movement opens shared geometry; rendered observer cannot change replay (935.9912ms)
✔ standing, kneeling and facing-aware prone volumes participate in nearest friendly fire (113.2972ms)
✔ window geometry deliberately differs from legacy and sight uses actual aimed regions (99.4632ms)
✔ upper floors, stair holes, door updates and destruction invalidate the shared world (254.3103ms)
✔ grenades retain a swept parabola, roofs intercept arcs, and scatter stays seeded (141.0738ms)
✔ roof underside blast leaves the impact face and still shields actors above it (266.2196ms)
✔ requested aim cannot override a nearer physical region and pellets aim at prone head XY (125.0143ms)
✔ nearest-direction bound covers angular midpoints and has the corrected denominator (1.4508ms)
✔ sector selection rejects unsupported headings and chooses both sides of each boundary (0.4054ms)
✔ candidate cards preserve all pixel distances and fixed guide anchors without muzzle fitting (1.7003ms)
✔ manual landmark uncertainty prevents false passes and all measured tips remain in their crop (1.4862ms)
✔ door and window openings pass rays while solid wall and sill block them (1.662ms)
✔ vertical rays hit the optional roof and intersection chooses the nearest surface (0.2899ms)
✔ actual low-poly barrel cap and axis follow physical muzzle through continuous headings and floors (143.5591ms)
✔ pose rig preserves limb lengths and actual gloves intersect the rifle contact volumes (119.2152ms)
✔ relaxed carry lowers elbows while retaining hand contact and upright bounds (64.5012ms)
✔ animated poses retain limb lengths, ground clearance and planted walking contacts (735.1487ms)
✔ discharge uses physical muzzle before recoil and timestamp evaluation is repeatable (41.3189ms)
✔ brick density follows world distances across tall, short and neighboring faces (19.8532ms)
✔ painted room material keeps four brick widths and ten courses per repeat (0.2412ms)
✔ shared slab sides are culled while perimeter and stair-hole edges remain (1.3361ms)
✔ rigid art preview preserves distances and ground anchor without heading-dependent deformation (1.3688ms)
✔ opaque sprite bounds calibrate all stances and prone long axis follows eight headings (199.8947ms)
✔ measured painted muzzle maps to actual firing origin across all calibration poses (154.0857ms)
✔ canonical fixture validates and round-trips unknown metadata without mutation (243.9947ms)
✔ prototype dimensions, upper floor and 2:1 diamond use one axis conversion (0.7307ms)
✔ door transaction, window boundaries, lintel and roof hit actual shared surfaces (151.6945ms)
✔ unsupported content has explicit diagnostics and stair opening is preserved (51.309ms)
✔ negative boundary edges and diagonal chunk traversal agree with brute force (54.1531ms)
✔ upper floor and rotated cover use map coordinates; IDs independent of prop order (35.1584ms)
✔ loot artwork follows remaining inventory and never leaves ghost guns after pickup (2.5393ms)
✔ dead firearm users show their equipped gun and only nonempty matching ammo (0.4736ms)
✔ fallen guards remain drawable after refresh removes live detection, respecting floor and exploration (230.4433ms)
✔ drop rendering skips pending images and scales the ground layout with camera zoom (0.4434ms)
✔ all 48 cargo combinations fit their declared tile footprint and stay grounded (416.5966ms)
✔ horizontal drum piles have two aligned supporting drums; vertical stacks have full supporting lids (16.1073ms)
✔ switching forms reuses library resources and rejects mismatched skins (200.4189ms)
✔ softened parts retain finite surfaces and intended depth at small and structural sizes (22.0302ms)
✔ painted doorway retains a clear one-tile opening and horse asset is not part of scenery (126.9699ms)
✔ 29996: closed connected surfaces, scale and species landmarks survive reduction (467.7858ms)
✔ 29996: normalized rig, fixed feet, independent rifle grips and neutral restoration (461.5784ms)
✔ 9998: closed connected surfaces, scale and species landmarks survive reduction (124.1439ms)
✔ 9998: normalized rig, fixed feet, independent rifle grips and neutral restoration (126.9237ms)
✔ 10k variant is reduced from the stored 30k author, preserving every garment and head component (9.5372ms)
✔ paint frame matches its four cameras and contains ears, belly and body (36.6206ms)
✔ 29978: closed connected surfaces, scale and species landmarks survive reduction (439.3913ms)
✔ 29978: normalized rig, fixed feet, independent rifle grips and neutral restoration (503.9233ms)
✔ 9988: closed connected surfaces, scale and species landmarks survive reduction (138.3274ms)
✔ 9988: normalized rig, fixed feet, independent rifle grips and neutral restoration (117.3012ms)
✔ 10k variant is reduced from the stored 30k author, preserving every garment and head component (0.3358ms)
✔ paint frame matches its four cameras and contains cap, ears and body (27.1964ms)
✔ foreman author: corrected body preserves head, registered paint and unit normals (306.7892ms)
✔ foreman 10k: corrected body preserves head, registered paint and unit normals (79.0928ms)
✔ director author: corrected body preserves head, registered paint and unit normals (412.3619ms)
✔ director 10k: corrected body preserves head, registered paint and unit normals (92.5581ms)
✔ 29972: closed connected surfaces, scale and species landmarks survive reduction (447.7103ms)
✔ 29972: normalized rig, fixed feet, independent rifle grips and neutral restoration (430.2547ms)
✔ 10156: closed connected surfaces, scale and species landmarks survive reduction (190.4977ms)
✔ 10156: normalized rig, fixed feet, independent rifle grips and neutral restoration (99.9623ms)
✔ 10k variant is reduced from the stored 30k author, preserving every garment and head component (0.3825ms)
✔ Red Hats have every armed stance with valid transparent frames and a shared baseline (1188.625ms)
✔ all compatible bank edges match RGBA, including unconnected land edges (16.7934ms)
✔ banks remain land at closed edges, transparent at connected openings (0.4767ms)
✔ river banks retain open centers in isolated pools and open water under bridges (2.02ms)
✔ adjacent water quadrants agree on shared edge corners across surrounding terrain (8.3456ms)
✔ 30756: closed connected surfaces, scale and species landmarks survive reduction (474.6044ms)
✔ 30756: normalized rig, fixed feet, independent rifle grips and neutral restoration (416.5119ms)
✔ 10476: closed connected surfaces, scale and species landmarks survive reduction (110.5933ms)
✔ 10476: normalized rig, fixed feet, independent rifle grips and neutral restoration (149.2672ms)
✔ 10k variant is reduced from the stored 30k author, preserving every garment and head component (0.3874ms)
✔ scarf ends have outward-facing volume and clear the actual shirt and vest in both meshes (186.549ms)
✔ all compatible corner tile boundaries match across every variant (31.2026ms)
✔ variants change interiors while preserving midpoint crossings (0.9132ms)
✔ skunk has all 30 outfit, weapon and stance combinations (44.3185ms)
✔ skunk guards survive map validation and game creation with every weapon (87.4545ms)
✔ 29934: closed connected surfaces, scale and species landmarks survive reduction (586.7356ms)
✔ 29934: normalized rig, fixed feet, independent rifle grips and neutral restoration (443.1504ms)
✔ 9998: closed connected surfaces, scale and species landmarks survive reduction (147.1933ms)
✔ 9998: normalized rig, fixed feet, independent rifle grips and neutral restoration (111.0663ms)
✔ 10k variant is reduced from the stored 30k author, preserving every garment and head component (0.9413ms)
✔ wide paint frame matches its four cameras and contains the complete tail and body (62.1385ms)
✔ a pistol shot alerts guards within twenty-four tiles and only makes those beyond suspicious (443.0783ms)
✔ a rifle shot carries forty-eight tiles (368.559ms)
✔ a guard firing alerts its colleagues too, and an already alert guard keeps its own fix (201.7549ms)
✔ melee makes no report (316.2902ms)
✔ block JSON roundtrip preserves all three levels and terrain geometry without squad markers (119.856ms)
✔ place block into sector10,10 transforms edges and climbs and is undoable (1124.7ms)
✔ block placement rejects obstructed squad starts atomically (36.4101ms)
✔ sector capture rejects crossing props and roof links (8.0873ms)
✔ block import rejects malformed bounds and unknown content (35.454ms)
✔ replacing a sector removes old content on all levels but keeps neighboring designs (122.9462ms)
✔ block import rejects falsy floor values and aliased edges (3.3391ms)
✔ defeat captures stabilized mercs and kills every bleeding merc immediately (249.6177ms)
✔ captured mercs are not corpses or XP recipients and never auto-revive (236.4382ms)
✔ shared clock advances from real elapsed time, pauses without catch-up, and rolls over days (258.9914ms)
✔ production is independent of frame size and begins only after liberation (699.9547ms)
✔ rest advances the same clock, heals living troops to their cap, refills AP and produces income (224.6055ms)
✔ training grants existing progression rewards without healing or training captured troops (191.1809ms)
✔ unsafe, queued and invalid downtime takes no time or money and grants no rewards (272.4711ms)
✔ travel advances the campaign clock exactly one hour and keeps training results (1762.4092ms)
✔ all five connection types preserve metadata through block and map JSON (670.383ms)
✔ one element per direction rejects multiple roads and compound features (13.6919ms)
✔ adjacent roads match exact widths and reject atomically; later painting invalidates rules (162.413ms)
✔ cliffs match height and side and fences match materials (189.3589ms)
✔ seeded generation produces 100 matched road blocks with valid starts and deterministic output (407.5052ms)
✔ unsatisfiable and overpopulated libraries fail without touching source blocks (59.9361ms)
✔ user checkpoint matches the four intended directions (27.8985ms)
✔ road and river openings reject barriers at the seam (3.5013ms)
✔ flat elevation and explicit seam conflicts cannot silently match (292.0789ms)
✔ movement cost reflects free exploration, combat budget and unavailable routes (239.2012ms)
✔ attack labels retain weapon cost when ammunition or AP prevents shooting (153.8458ms)
✔ ground, friendly selection and detected enemy targeting match their cursors (240.7211ms)
✔ bolt cutter action requires held cutters, reachable known wire fence, and enough AP (345.5876ms)
✔ fence picking uses its raised visible face, selected floor and adjacent edge (188.4991ms)
✔ hand interactions respect loot visibility, adjacency and blocking edges (236.0182ms)
✔ all four diagonals use3/6/12AP for standing kneeling prone (2575.6485ms)
✔ every corner edge and either obstructed flank blocks a diagonal in both directions (20.6265ms)
✔ living flank occupants block diagonals and queued movement rechecks late blockers (217.9443ms)
✔ diagonal upper movement needs support in both flank tiles and destination (1.1475ms)
✔ mixed cardinal and diagonal path uses optimal octile distance (118.1006ms)
✔ melee guard can strike from diagonal adjacency (206.6031ms)
✔ Easy automatic stabilization waits for encounter clear and restores 5 HP (259.6266ms)
✔ Standard grants six squad turns and whole-squad incapacitation still loses on Easy (423.8294ms)
✔ difficulty follows the campaign to new local maps (385.3518ms)
✔ factory income depends on shortest route from fixed start; yards and unreachable factories earn nothing (342.0147ms)
✔ successful travel advances an hour of factory production; rejected travel takes no time (2401.3836ms)
✔ rectangles include both corners, reverse, shrink and clamp to workspace (34.6416ms)
✔ wall lines lock starting axis and preserve outer boundary and elevation (0.4026ms)
✔ roof rectangle and wall line each form one reversible saved-map change (126.3674ms)
✔ a multi-tile paint stroke undoes and redoes as one operation (44.3722ms)
✔ walls and doors replace shared edges without changing terrain; erasure undoes (120.2785ms)
✔ starts and travel marker are protected from crates and overlapping actors (21.5047ms)
✔ guards cap at 46; editing and deleting a guard preserves valid schema (973.7694ms)
✔ room footprints fit bounds, can rotate, and create open door edges (5.0652ms)
✔ replace/import is undoable, malformed import cannot alter the working map (59.8434ms)
✔ disconnected drafts roundtrip for repair but cannot become playable definitions (89.1916ms)
✔ upper roofs create support and erased tiles and legacy crates can be restored with undo (103.871ms)
✔ prop placement checks whole footprint and cached lookups follow placement/erase/undo (88.4436ms)
✔ rotated props fit 1x2 and reject walls, unsupported floors and protected starts (90.9113ms)
✔ all new brush data survives a portable JSON roundtrip (51.8349ms)
✔ later wall edits cannot bisect a two-cell prop (38.4506ms)
✔ clear landscape reaches75 while character detection stops at60, with current terrain caches (651.1488ms)
✔ unknown obstacle variants produce identical initial routes and reveal no endpoint validity (953.9573ms)
✔ navigation reaches unknown destination and reroutes around newly revealed obstacles (9826.9392ms)
✔ newly revealed blocked destination stops without claiming arrival (553.3759ms)
✔ spotting a distant guard stops movement without automatically alerting him (883.3568ms)
✔ long combat orders move only affordable steps and never resume next turn (655.5047ms)
✔ terrain caches invalidate on walls and agree with exact LOS through window openings (590.2487ms)
✔ rockets collide with the first wall or body; grenades arc over a low wall (227.96ms)
✔ arcs hit ceilings and solid upper floors instead of teleporting through them (249.2605ms)
✔ blasts breach wall edges and props, invalidate prop caches, and open navigation (151.9468ms)
✔ blast damage falls with 3D distance and intact floors shield other levels (195.9108ms)
✔ beyond effective range has severe scatter, elevation extends launcher reach, and throws are bounded (207.2394ms)
✔ terrain firing consumes AP and ammunition once, causes strain, and awards kill relief (360.3746ms)
✔ blast friendly fire damages survivors and records their reaction, without body-zone bonuses (270.2648ms)
✔ a grenade aimed over a missing upper floor falls until it hits physical ground (268.4453ms)
✔ surviving walls block blast damage and near misses do not erase distant scenery (193.5558ms)
✔ self damage is possible, and invalid terrain shots never spend resources (204.8366ms)
✔ feature lines run the whole grid and crossings require exact ports (2.4202ms)
✔ planned map fills the road/fence crossing, keeps all offsets and roundtrips (870.7646ms)
✔ missing crossing reports exact sector and cannot mutate the plan or library (128.5491ms)
✔ seeded lines deterministic and malformed plans rejected (116.1665ms)
✔ a straight fence cannot drift between its north and south edges (97.6804ms)
✔ the nozzle table covers every flamethrower sprite and matches a fresh measurement of the PNGs (359.2976ms)
✔ nozzle measurement finds the muzzle face and barrel axis, ignoring a flared tip (1.3779ms)
✔ nozzle offsets repeat the renderer sprite placement for both facings and the vector overlay (1.597ms)
✔ attack effects play back to back, flame bursts take their own time, and bullets keep the old rule (1.065ms)
✔ a burst draws finite, outlined, single-winding shapes for every outcome, facing and moment (9074.1023ms)
✔ bursts are deterministic for a seed and differ between seeds (21.5771ms)
✔ pose helpers stay still outside their windows and a burned body is held until the flame lands (0.9095ms)
✔ a miss lands on the floor beside the target, short of it, on a side chosen by the seed (0.367ms)
✔ tank detonation thresholds are per successful hit: torso 25%, weapon 90% (1758.9306ms)
✔ misses, head/leg hits, empty tanks and absent tanks never detonate (1029.9719ms)
✔ explosion kills wearer and adjacent allies permanently, ignites through radius five, and respects floors (441.1124ms)
✔ burning units cannot act, flee on three turns, then recover even after combat ends (747.2235ms)
✔ short-range flame hits are lethal for either team and survivors panic (1157.6361ms)
✔ flamethrower supports inventory size, fuel reload and editor roundtrip (318.0806ms)
✔ fire keeps turn mode alive after the final guard dies and expires after three rounds (480.5045ms)
✔ walking into fire cancels the route and ignition during an enemy turn still lasts three panic turns (697.9126ms)
✔ attack events name the shooter and target and list every unit the shot put down (1267.9468ms)
✔ rifles need adjoining cells in one row, and items can be manually positioned (206.147ms)
✔ two large weapons fit ready slots and swap free even with zero AP (256.8633ms)
✔ fragmented space rejects a rifle without mutations; existing ammo stack fits full bag (152.6361ms)
✔ four characters advance in a single tick and retain offsets at destination (1845.9975ms)
✔ group stop cancels every route and combat spends each members movement AP (971.1487ms)
✔ blocked formation slots use distinct nearby destinations without overlaps (1782.4313ms)
✔ aimed torso retains existing shot while head trades accuracy for damage (129.6568ms)
✔ one-tile formation movement uses teammates vacated cells (563.7737ms)
✔ prone observer cannot see over nearby low cover; standing restores detection and terrain immediately (614.6808ms)
✔ window sill hides legs while head and torso remain exposed; hidden aim never spends resources (230.4957ms)
✔ stance changes alter the target body heights; prone targets disappear behind a sill (329.4714ms)
✔ shared sight does not unlock a body part hidden from the selected shooter (287.8062ms)
✔ solid floors block vertical sight for all stances and targeted zones (222.8191ms)
✔ enemy chooses an exposed head rather than firing at a hidden torso (229.6438ms)
✔ destroying low cover invalidates fog and exposes a target to a prone observer (349.5883ms)
✔ cutters must occupy held slot 0 to open adjacent wire fence (403.9165ms)
✔ cutters must occupy held slot 1 to open adjacent wire fence (326.1132ms)
✔ combat equip costs 3 AP, cutting costs 4 AP, and replacing cutters returns them to the bag (355.4116ms)
✔ equipping and stowing cutters reject full backpack without losing equipment (157.8266ms)
✔ equipped swaps are free at zero AP; unavailable weapons cannot be conjured (359.0946ms)
✔ partial reload consumes finite compatible rounds and cannot create ammunition (237.2516ms)
✔ drop, pickup and teammate transfer preserve loaded weapon and reject duplicate or full grid atomically (220.0634ms)
✔ active layers retain full contrast and other layers fade with distance (2.7131ms)
✔ compositor isolates sprite alpha, clears each layer and uses backing resolution (0.7746ms)
✔ walls live on shared edges, never occupy either neighboring tile (261.1365ms)
✔ door edges permit passage and sight in both directions (234.1492ms)
✔ diagonal sight cannot leak through a wall endpoint and is reciprocal (149.7666ms)
✔ movement rechecks barriers instead of trusting queued path (608.4712ms)
✔ map schema rejects malformed maps and unreachable starts, roundtrips good data (211.4524ms)
✔ generated layouts are deterministic, connected and have four starts / 46 guards (14028.4016ms)
✔ wall picking selects the same shared barrier from either tile (0.3409ms)
✔ lethal guard damage incapacitates squad for six treatment turns (249.6872ms)
✔ bleeding lasts five ends and expires on the sixth, even after last guard dies (218.8041ms)
✔ medical skill changes AP cost and stabilization consumes one medkit exactly once (217.0632ms)
✔ treatment rejects walls, other levels, range and insufficient AP without consuming supplies (25.7505ms)
✔ cutters make one adjacent chainlink edge passable, charge once, and reject railings (191.497ms)
✔ walkable bush and parapet cover protects occupants while reeds and metal roofs do not (214.303ms)
✔ roof modules remain walkable on upper floors and reject walls through any interior edge (477.2065ms)
✔ builder guard outfits survive export and use armed and prone Red Hats art in game (104.2605ms)
✔ every new prop can be placed, exported, reloaded and used by game collision in both orientations (102.6368ms)
✔ jail barriers block movement but allow sight, and cut fence allows crossing (1.224ms)
✔ a shorter reservation holds ammunition until enemy enters its radius (313.5902ms)
✔ invalid ranges spend no AP; weapon changes clamp saved distance (296.312ms)
✔ overlay shades walls darker, opens door lanes, respects facing and distance (197.6884ms)
✔ the tactics Pages build lists every local module and page its listed files reference (329.327ms)
✔ cone boundaries wrap and do not reveal rear targets (1.3218ms)
✔ turning invalidates terrain visibility, preserves memory, without spending AP (440.6882ms)
✔ shared sight cannot fire outside personal cone or through a wall (319.4957ms)
✔ incoming shot gives a rear-facing guard a response (249.892ms)
✔ mercs have separate authored voices, relationships and persistent personal memories (249.9295ms)
✔ landed replies form a finite chain, spend loaded rounds and no AP, and do not reload (427.675ms)
✔ an unarmed or empty recipient quips and cannot get a free weapon switch (407.8953ms)
✔ retaliation interrupts a burst and stops its remaining rounds if the shooter falls (228.4423ms)
✔ incapacitated recipients cannot reply (182.4379ms)
✔ burning recipients cannot retaliate and missed replies do not cause another reaction (415.1373ms)
✔ history and distrust increase retaliation; medical help rebuilds trust; rest preserves grudges (145.7991ms)
✔ shared XP grants three points every100XP; training atomically spends and never refills health/AP (276.4337ms)
✔ species traits remain separate and derived stats are idempotent (166.9308ms)
✔ one guard death awards XP once and friendly attacks cannot farm it (196.9575ms)
✔ skill caps, medical cap and campaign transfer preserve progression (460.79ms)
✔ accurate shots strike the nearest unit regardless of team, including allies beside the muzzle (13.2453ms)
✔ missed rounds can hit a diagonally adjacent ally and never hit a unit behind the shooter (1.6679ms)
✔ a near miss continues past the intended target and can hit someone behind it (33.6579ms)
✔ walls and exact corner joins stop rays before units; open doors and chainlink pass rounds (5.6161ms)
✔ low cover, window frames, stance height and upper floors participate in actual collision (3.0933ms)
✔ bullets stop at ground and map bounds without leaving the playable map (0.7012ms)
✔ a real burst charges once, traces each round, damages the blocking ally and preserves target health (409.9971ms)
✔ incidental torso hits can detonate a friendly flamethrower and cancel remaining burst shots (283.4909ms)
✔ scatter is reproducible and enemies can hit other guards (742.1747ms)
✔ every agreed range is executable at its boundary and rejected just past it (2231.5784ms)
✔ range-normalized accuracy preserves long-range rifles and weak pistols (961.3277ms)
✔ flame damage falls with distance while close hits remain lethal (270.0425ms)
✔ one shotgun shell produces six collision paths but charges AP and ammunition once (203.7658ms)
✔ shotgun concentration falls at range, with missed pellets colliding with nearby allies (14980.5673ms)
✔ sniper guards can pay for an eight-AP shot and new loadouts survive editor parsing (70.384ms)
✔ automatic weapons fire physical three-round bursts and reject insufficient ammunition (211.5886ms)
✔ SMG rounds and buckshot pellets share pistol damage and penetration class (104.7273ms)
✔ new automatic weapons survive editor serialization and have Factory supplies (259.3215ms)
✔ overwatch reserves AP once and fires only one round without double charge (434.2872ms)
✔ free weapon swap or turn cancels reserved reaction without refund (284.2681ms)
✔ overwatch respects cone, walls and empty ammunition (242.3671ms)
✔ stealth lowers detection distance and adds movement AP (226.7575ms)
✔ unseen noise is approximate and investigation never reveals a target through walls (337.6244ms)
✔ formation orders cancel reservations and group footsteps create noise (308.9602ms)
✔ ordinary rest heals gradually over two days, independent of rest chunk size (625.0959ms)
✔ selected trained medic and one kit per wounded troop restore health in one day (157.3432ms)
✔ short courses heal gradually and continue without consuming another medkit (245.3996ms)
✔ ordinary rest continues an existing medical course (223.1388ms)
✔ medical care rejects untrained, unavailable medics and insufficient kits atomically (431.3439ms)
✔ healthy, dead and captured troops consume no medical supplies and cannot be revived (169.6401ms)
✔ the overmap is a grid: links derive from tile positions and the far side of each edge is known (276.8932ms)
✔ leaving needs the ground-level border band on a side with a map beyond it, and one step of AP in combat (1254.7598ms)
✔ one crosser leaves the fight: off the map for guards and tiles, AP spent, comrades stay in combat (669.103ms)
✔ the last standing member crossing moves the squad: crossers land on the far border at their row, the clock advances an hour (848.5695ms)
✔ downed comrades left behind meet the defeat rule: stabilized are captured, bleeding die (1122.0747ms)
✔ a fight lost after a comrade crossed is not a wipe: the crosser arrives, the fallen are recorded, the run continues (823.9547ms)
✔ crossers commit the squad to one destination; the travel marker follows them and merges arrivals (912.0862ms)
✔ crossing into a generated map with water or void on its edge still lands on walkable ground near the entry row (1281.0783ms)
✔ a crosser has no body: a guard firing along the row it left hits the comrade behind it, never the crosser (643.03ms)
✔ a crosser has no body for a blast either (497.4396ms)
✔ a waiting crosser can come back across the edge onto the tile it left, for a step of AP in combat, unless it is blocked (605.9206ms)
✔ rest and training wait for the squad to regroup (370.5294ms)
✔ crossing mid-turn does not refill the turn: a squad that crossed with 10 AP into a live contact keeps 10, and crossing clears overwatch (895.6326ms)
✔ a map left mid-fight is re-entered as a fresh contact, not a frozen turn: guards stay alert, the round advances, AP is full (817.2313ms)
✔ a map lost after a crossing can be re-entered: the fallen stay fallen, the record moves to the world, the survivor can act (652.0262ms)
✔ a retreat from the yard westward resolves to the factory, not to a hard-coded neighbour (642.7955ms)
✔ a comrade waiting beyond the edge gets the new round like everyone else, so a return is charged from a fresh turn (503.4235ms)
✔ a return is a step: it walks into a fire on the tile and makes a footstep (251.9948ms)
✔ abandoned comrades are written to the run record once, and a second loss on the same map lists only what it cost (757.8822ms)
✔ marked roof climbs traverse exactly one adjacent level for6AP in either direction (432.2483ms)
✔ roof geometry rejects missing support, blocked upper edge, blocked headroom and multi-level records (91.0293ms)
✔ roof editor creation, endpoint protection, roundtrip and erase undo remain consistent (102.5386ms)
✔ queued climb stops if its upper edge is blocked before execution (3134.1707ms)
✔ two-level uphill range costs2tiles, downhill has no vertical distance tax, melee unchanged (122.8566ms)
✔ guard roof approach cost includes standing movement (2779.5634ms)
✔ enemy AI spends6AP to climb toward a remembered rooftop target (160.5714ms)
✔ ladders cost3AP, stairs2AP and old connections remain stairs (291.8731ms)
✔ fences block crossing but not sight or cover, walls block both (186.9671ms)
✔ two-tile props occupy both cells, tall crates occlude and pallets stay walkable (215.6581ms)
✔ uphill adds range distance while downhill retains normal reach and solid floors (151.8299ms)
✔ seeded river sectors match sockets and make exactly two bridges in either orientation (11938.9195ms)
✔ river rules reject a missing bridge deck, blocked road or incompatible sector (31.8077ms)
✔ queued vertical movement uses the current ladder AP cost (259.4753ms)
✔ downhill spotting uses the same60tile character cap (144.2778ms)
✔ bridge-sector approach cells must stay walkable, not only the water crossing (38.4039ms)
✔ 240-square maps support 50 actors and reject actor 51 (1639.7395ms)
✔ stairs link three floors, cost 2 AP, and level occupancy is independent (1142.2986ms)
✔ queued stair movement rechecks removed connections (3038.982ms)
✔ solid floors stop vertical fire; stair openings allow it without imaginary cover (106.6916ms)
✔ sight can pass a platform edge in both directions (144.2966ms)
✔ upper-floor brushes and stairs undo together without touching ground (22.5423ms)
✔ version-one 28x24 drafts retain all contents in the expanded ground floor (23.8374ms)
✔ a dead distant arrival start does not reveal terrain or alert guards (637.9384ms)
✔ travel gathers characters on the marker floor, not just matching XY (106.1883ms)
✔ large-map routes stay legal and a full 50-character enemy phase terminates (5757.7763ms)
✔ every roster species has a sight entry with bino <= field <= 360 and a usable fall-off (11.5215ms)
✔ identification range is non-increasing in bearing, full inside the binocular core and zero beyond the field (3.6798ms)
✔ identification never exceeds detection at any bearing, and detection saturates inside the field (14.1613ms)
✔ a wider field with the same other parameters sees a superset of bearings (0.7541ms)
✔ a flat cone without a species keeps the old rule: full range inside, nothing outside (0.4093ms)
✔ a still guard in the periphery beyond the identify lobe is unseen; a moving one is glimpsed, not identified (520.1133ms)
✔ a guard that glimpses a moving worker gains approximate suspicion, not alert; identification alerts it (771.6648ms)
✔ neither a glimpse nor identification passes a wall (457.843ms)
✔ terrain reveal follows the species field, not a flat 120 degree cone (333.6654ms)
✔ a firing unit counts as moving for the next refresh (299.781ms)
✔ an attack from the blind notch spins the victim toward the attacker, so it can answer (415.194ms)
✔ scavenging seeks known compatible ammo instead of abandoning the rifle (517.575ms)
✔ loaded HMG is collected, equipped, and paid for with normal inventory AP (329.3483ms)
✔ empty duplicate can be exchanged for a loaded drop without creating ammunition (283.4781ms)
✔ empty guns, unseen drops, and incompatible ammunition are not scavenging goals (260.8077ms)
✔ fence orders equip real cutters and spend the normal cutting AP (494.6721ms)
✔ overwatch orders reserve AP without consuming ammunition and lure orders walk normally (316.0986ms)
✔ sneak orders use the actual stealth toggle and respect unavailable actors (373.3625ms)
✔ normal squad behavior picks up an adjacent HMG before advancing (249.7378ms)
✔ all six direct stance transitions cost exactly2AP; repeat/invalid/insufficient changes do nothing (5134.7283ms)
✔ standing kneeling and prone routes debit2/4/8AP per tile and reject over-budget routes (1167.4429ms)
✔ movement locks stance changes and rechecks live stance cost before a queued step (341.1693ms)
✔ stance controls reject enemy turns and fallen characters; exploration stays free (357.1192ms)
✔ climbing requires standing and preserves the established vertical AP cost (1220.5082ms)
✔ enemy standing movement spends2AP per tile (374.456ms)
✔ stance survives AP refresh and local-map travel (664.2545ms)
✔ seeing a rear-facing guard does not alert him (162.6639ms)
✔ cover, sneaking and prone stance lower acquisition chance (48.5783ms)
✔ acquisition has both outcomes and no refresh or combat RNG rerolls (172.6606ms)
✔ woodland blocks distant contacts and terrain through intervening cells (221.2293ms)
✔ woodland diagonal lengths and partial endpoints use ray geometry (26.8901ms)
✔ woodland and guard facing survive map roundtrip and editor undo (95.6305ms)
✔ enemy bullets raise both meters by actual injury, and stress/fatigue stay bounded (341.7361ms)
✔ only a kill relieves the shooter, and fatigue does not disappear with the kill (265.2984ms)
✔ normal and medical rest reduce both meters while training does not (560.6788ms)
✔ window aperture permits centered sight but blocks movement, sill and outer frame rays (203.8698ms)
✔ closed doors block sight but can be opened along a walking route (513.8689ms)
✔ walking opens a closed door and updates sight and collision without altering the blueprint (942.2192ms)
✔ empty and cleared local maps remain walkable (388.8215ms)
✔ travel requires gathered living squad, adjacency, no queue and no combat (355.6057ms)
✔ world travel preserves squad HP/ammo and visited map enemies/discovery (1651.5385ms)
✔ clearing a map permits departure without reviving fallen squad or guards (772.097ms)
✔ exact cast, player advantage, legal spawn and long-range initial contact (272.7005ms)
✔ all guards are reachable through factory doors (315.3296ms)
✔ BFS avoids occupied tiles and solid cover; invalid moves never spend AP (499.7481ms)
✔ movement consumes actual path AP and does not overlap (555.2204ms)
✔ walls and diagonal corners block sight, crates provide directional cover (243.1706ms)
✔ fog hides guard behind wall and remembers explored terrain (124.405ms)
✔ contact interrupts real-time path; LOS break cannot reset AP (275.8407ms)
✔ weapon identities, range, ammo persistence, equip and reload costs (326.697ms)
✔ burst uses three rounds and 6 AP, rejects undersized magazine (254.5856ms)
✔ exploration opening attack enters combat and spends AP (250.5615ms)
✔ enemy phase locks player controls, terminates, and applies damage (985.5524ms)
✔ cleared encounters resume exploration; cleared maps allow movement and loss locks input (292.1644ms)
✔ same seed produces repeatable shots (453.3908ms)
✔ guard holds firing position when remaining AP cannot pay for another shot (199.5845ms)
✔ animation does not add brightness stripes to uniform water (16.9856ms)
✔ opposite water edges match throughout the loop, including corners (11.6967ms)
✔ animation closes exactly and actually changes between phases (25.2937ms)
✔ PPSh drum end caps, rims and hub face along the actual bore (25.257ms)
✔ launcher bore aligns with a real top chamber, above the drum center (26.215ms)
✔ HMG grasp surrounds the named handle with fingers, palm and opposing thumb and clears the shroud (324.9561ms)
✔ changing equipment restores the original hand, skin weights, mesh and triangle budget (149.1764ms)
✔ accepted shotgun and flamethrower retain geometry, materials and equipped carry (291.4989ms)
✔ model catalog covers every gameplay weapon with suitable contact semantics (59.554ms)
✔ every carry meets actual weapon surfaces and skinned hand geometry; barrel mouths follow heading (537.0515ms)
✔ backpack and hose detach completely when switching to bare hands (76.0799ms)
✔ isometric picking recovers tiles after zoom and pan on both diagonal axes (3.1991ms)
✔ workers and pigs stay off footprints and conveyors through all connected plans (348.7793ms)
✔ walking routes go around buildings and cannot cross a conveyor wall (1.0961ms)
✔ farmhouse converts exactly five food deliveries into one ration, excluding alcohol (1.7547ms)
✔ ration outlet emits on its marked outside tile in all four rotations (0.7521ms)
✔ a hungry worker reaches the belt end, eats a parcel, and recovers productivity (0.9768ms)
✔ unreachable rations remain on the belt until a walking route opens (13.1005ms)
✔ building over an animal relocates it to open ground; removing its home removes it (1.2461ms)
✔ blocked ration outlet never stops farmhouse deliveries and preserves the ration share (7.7822ms)
✔ undo restores animal positions, hunger, ration inventory and meals together (52.051ms)
ℹ tests 471
ℹ suites 0
ℹ pass 471
ℹ fail 0
ℹ cancelled 0
ℹ skipped 0
ℹ todo 0
ℹ duration_ms 26458.6396
Verified tactical assets: 36 armed character sprites, 90 stance sprites, base character frames and strips, environment assets, machines, and entrypoints.
